../Core/Src/main.c:89:6:microDelay	16	static
../Core/Src/main.c:95:9:DHT22_Start	32	static
../Core/Src/main.c:126:9:DHT22_Read	16	static
../Core/Src/main.c:152:10:ADC_Get_Value	16	static
../Core/Src/main.c:163:10:waterLevelSensor	16	static
../Core/Src/main.c:184:5:main	128	static
../Core/Src/main.c:280:6:SystemClock_Config	88	static
../Core/Src/main.c:328:13:MX_ADC1_Init	24	static
../Core/Src/main.c:380:13:MX_ADC2_Init	24	static
../Core/Src/main.c:432:13:MX_TIM1_Init	32	static
../Core/Src/main.c:478:13:MX_TIM2_Init	48	static
../Core/Src/main.c:527:13:MX_USART1_UART_Init	8	static
../Core/Src/main.c:560:13:MX_GPIO_Init	40	static
../Core/Src/main.c:602:6:StartDefaultTask	16	static
../Core/Src/main.c:620:6:Task2_int	16	static
../Core/Src/main.c:673:6:Task3_int	16	static
../Core/Src/main.c:695:6:Task4_int	16	static
../Core/Src/main.c:750:6:HAL_TIM_PeriodElapsedCallback	16	static
../Core/Src/main.c:767:6:Error_Handler	4	static,ignoring_inline_asm
