Archive member included to satisfy reference by file (symbol)

c:/st/stm32cubeide_1.9.0/stm32cubeide/plugins/com.st.stm32cube.ide.mcu.externaltools.gnu-tools-for-stm32.10.3-2021.10.win32_1.0.0.202111181127/tools/bin/../lib/gcc/arm-none-eabi/10.3.1/../../../../arm-none-eabi/lib/thumb/v7e-m+fp/hard\libc_nano.a(lib_a-errno.o)
                              ./Core/Src/syscalls.o (__errno)
c:/st/stm32cubeide_1.9.0/stm32cubeide/plugins/com.st.stm32cube.ide.mcu.externaltools.gnu-tools-for-stm32.10.3-2021.10.win32_1.0.0.202111181127/tools/bin/../lib/gcc/arm-none-eabi/10.3.1/../../../../arm-none-eabi/lib/thumb/v7e-m+fp/hard\libc_nano.a(lib_a-exit.o)
                              c:/st/stm32cubeide_1.9.0/stm32cubeide/plugins/com.st.stm32cube.ide.mcu.externaltools.gnu-tools-for-stm32.10.3-2021.10.win32_1.0.0.202111181127/tools/bin/../lib/gcc/arm-none-eabi/10.3.1/../../../../arm-none-eabi/lib/thumb/v7e-m+fp/hard/crt0.o (exit)
c:/st/stm32cubeide_1.9.0/stm32cubeide/plugins/com.st.stm32cube.ide.mcu.externaltools.gnu-tools-for-stm32.10.3-2021.10.win32_1.0.0.202111181127/tools/bin/../lib/gcc/arm-none-eabi/10.3.1/../../../../arm-none-eabi/lib/thumb/v7e-m+fp/hard\libc_nano.a(lib_a-impure.o)
                              c:/st/stm32cubeide_1.9.0/stm32cubeide/plugins/com.st.stm32cube.ide.mcu.externaltools.gnu-tools-for-stm32.10.3-2021.10.win32_1.0.0.202111181127/tools/bin/../lib/gcc/arm-none-eabi/10.3.1/../../../../arm-none-eabi/lib/thumb/v7e-m+fp/hard\libc_nano.a(lib_a-exit.o) (_global_impure_ptr)
c:/st/stm32cubeide_1.9.0/stm32cubeide/plugins/com.st.stm32cube.ide.mcu.externaltools.gnu-tools-for-stm32.10.3-2021.10.win32_1.0.0.202111181127/tools/bin/../lib/gcc/arm-none-eabi/10.3.1/../../../../arm-none-eabi/lib/thumb/v7e-m+fp/hard\libc_nano.a(lib_a-init.o)
                              c:/st/stm32cubeide_1.9.0/stm32cubeide/plugins/com.st.stm32cube.ide.mcu.externaltools.gnu-tools-for-stm32.10.3-2021.10.win32_1.0.0.202111181127/tools/bin/../lib/gcc/arm-none-eabi/10.3.1/../../../../arm-none-eabi/lib/thumb/v7e-m+fp/hard/crt0.o (__libc_init_array)
c:/st/stm32cubeide_1.9.0/stm32cubeide/plugins/com.st.stm32cube.ide.mcu.externaltools.gnu-tools-for-stm32.10.3-2021.10.win32_1.0.0.202111181127/tools/bin/../lib/gcc/arm-none-eabi/10.3.1/../../../../arm-none-eabi/lib/thumb/v7e-m+fp/hard\libc_nano.a(lib_a-memcpy-stub.o)
                              ./Middlewares/Third_Party/FreeRTOS/Source/queue.o (memcpy)
c:/st/stm32cubeide_1.9.0/stm32cubeide/plugins/com.st.stm32cube.ide.mcu.externaltools.gnu-tools-for-stm32.10.3-2021.10.win32_1.0.0.202111181127/tools/bin/../lib/gcc/arm-none-eabi/10.3.1/../../../../arm-none-eabi/lib/thumb/v7e-m+fp/hard\libc_nano.a(lib_a-memset.o)
                              c:/st/stm32cubeide_1.9.0/stm32cubeide/plugins/com.st.stm32cube.ide.mcu.externaltools.gnu-tools-for-stm32.10.3-2021.10.win32_1.0.0.202111181127/tools/bin/../lib/gcc/arm-none-eabi/10.3.1/../../../../arm-none-eabi/lib/thumb/v7e-m+fp/hard/crt0.o (memset)
c:/st/stm32cubeide_1.9.0/stm32cubeide/plugins/com.st.stm32cube.ide.mcu.externaltools.gnu-tools-for-stm32.10.3-2021.10.win32_1.0.0.202111181127/tools/bin/../lib/gcc/arm-none-eabi/10.3.1/../../../../arm-none-eabi/lib/thumb/v7e-m+fp/hard\libc_nano.a(lib_a-sprintf.o)
                              ./Core/Src/ESPDataLogger.o (sprintf)
c:/st/stm32cubeide_1.9.0/stm32cubeide/plugins/com.st.stm32cube.ide.mcu.externaltools.gnu-tools-for-stm32.10.3-2021.10.win32_1.0.0.202111181127/tools/bin/../lib/gcc/arm-none-eabi/10.3.1/../../../../arm-none-eabi/lib/thumb/v7e-m+fp/hard\libc_nano.a(lib_a-strcat.o)
                              ./Core/Src/ESPDataLogger.o (strcat)
c:/st/stm32cubeide_1.9.0/stm32cubeide/plugins/com.st.stm32cube.ide.mcu.externaltools.gnu-tools-for-stm32.10.3-2021.10.win32_1.0.0.202111181127/tools/bin/../lib/gcc/arm-none-eabi/10.3.1/../../../../arm-none-eabi/lib/thumb/v7e-m+fp/hard\libc_nano.a(lib_a-strlen.o)
                              ./Core/Src/ESPDataLogger.o (strlen)
c:/st/stm32cubeide_1.9.0/stm32cubeide/plugins/com.st.stm32cube.ide.mcu.externaltools.gnu-tools-for-stm32.10.3-2021.10.win32_1.0.0.202111181127/tools/bin/../lib/gcc/arm-none-eabi/10.3.1/../../../../arm-none-eabi/lib/thumb/v7e-m+fp/hard\libc_nano.a(lib_a-nano-svfprintf.o)
                              c:/st/stm32cubeide_1.9.0/stm32cubeide/plugins/com.st.stm32cube.ide.mcu.externaltools.gnu-tools-for-stm32.10.3-2021.10.win32_1.0.0.202111181127/tools/bin/../lib/gcc/arm-none-eabi/10.3.1/../../../../arm-none-eabi/lib/thumb/v7e-m+fp/hard\libc_nano.a(lib_a-sprintf.o) (_svfprintf_r)
c:/st/stm32cubeide_1.9.0/stm32cubeide/plugins/com.st.stm32cube.ide.mcu.externaltools.gnu-tools-for-stm32.10.3-2021.10.win32_1.0.0.202111181127/tools/bin/../lib/gcc/arm-none-eabi/10.3.1/../../../../arm-none-eabi/lib/thumb/v7e-m+fp/hard\libc_nano.a(lib_a-nano-vfprintf_i.o)
[...]
Memory Configuration

Name             Origin             Length             Attributes
RAM              0x0000000020000000 0x0000000000020000 xrw
FLASH            0x0000000008000000 0x0000000000080000 xr
*default*        0x0000000000000000 0xffffffffffffffff

Linker script and memory map

LOAD c:/st/stm32cubeide_1.9.0/stm32cubeide/plugins/com.st.stm32cube.ide.mcu.externaltools.gnu-tools-for-stm32.10.3-2021.10.win32_1.0.0.202111181127/tools/bin/../lib/gcc/arm-none-eabi/10.3.1/thumb/v7e-m+fp/hard/crti.o
LOAD c:/st/stm32cubeide_1.9.0/stm32cubeide/plugins/com.st.stm32cube.ide.mcu.externaltools.gnu-tools-for-stm32.10.3-2021.10.win32_1.0.0.202111181127/tools/bin/../lib/gcc/arm-none-eabi/10.3.1/thumb/v7e-m+fp/hard/crtbegin.o
LOAD c:/st/stm32cubeide_1.9.0/stm32cubeide/plugins/com.st.stm32cube.ide.mcu.externaltools.gnu-tools-for-stm32.10.3-2021.10.win32_1.0.0.202111181127/tools/bin/../lib/gcc/arm-none-eabi/10.3.1/../../../../arm-none-eabi/lib/thumb/v7e-m+fp/hard/crt0.o
LOAD ./Core/Src/ESPDataLogger.o
LOAD ./Core/Src/UartRingbuffer.o
LOAD ./Core/Src/freertos.o
LOAD ./Core/Src/main.o
LOAD ./Core/Src/stm32f4xx_hal_msp.o
LOAD ./Core/Src/stm32f4xx_hal_timebase_tim.o
LOAD ./Core/Src/stm32f4xx_it.o
LOAD ./Core/Src/syscalls.o
LOAD ./Core/Src/sysmem.o
LOAD ./Core/Src/system_stm32f4xx.o
LOAD ./Core/Startup/startup_stm32f446retx.o
LOAD ./Drivers/STM32F4xx_HAL_Driver/Src/stm32f4xx_hal.o
LOAD ./Drivers/STM32F4xx_HAL_Driver/Src/stm32f4xx_hal_adc.o
LOAD ./Drivers/STM32F4xx_HAL_Driver/Src/stm32f4xx_hal_adc_ex.o
LOAD ./Drivers/STM32F4xx_HAL_Driver/Src/stm32f4xx_hal_cortex.o
LOAD ./Drivers/STM32F4xx_HAL_Driver/Src/stm32f4xx_hal_dma.o
LOAD ./Drivers/STM32F4xx_HAL_Driver/Src/stm32f4xx_hal_dma_ex.o
LOAD ./Drivers/STM32F4xx_HAL_Driver/Src/stm32f4xx_hal_exti.o
LOAD ./Drivers/STM32F4xx_HAL_Driver/Src/stm32f4xx_hal_flash.o
LOAD ./Drivers/STM32F4xx_HAL_Driver/Src/stm32f4xx_hal_flash_ex.o
LOAD ./Drivers/STM32F4xx_HAL_Driver/Src/stm32f4xx_hal_flash_ramfunc.o
LOAD ./Drivers/STM32F4xx_HAL_Driver/Src/stm32f4xx_hal_gpio.o
LOAD ./Drivers/STM32F4xx_HAL_Driver/Src/stm32f4xx_hal_pwr.o
LOAD ./Drivers/STM32F4xx_HAL_Driver/Src/stm32f4xx_hal_pwr_ex.o
LOAD ./Drivers/STM32F4xx_HAL_Driver/Src/stm32f4xx_hal_rcc.o
LOAD ./Drivers/STM32F4xx_HAL_Driver/Src/stm32f4xx_hal_rcc_ex.o
LOAD ./Drivers/STM32F4xx_HAL_Driver/Src/stm32f4xx_hal_tim.o
LOAD ./Drivers/STM32F4xx_HAL_Driver/Src/stm32f4xx_hal_tim_ex.o
LOAD ./Drivers/STM32F4xx_HAL_Driver/Src/stm32f4xx_hal_uart.o
LOAD ./Drivers/STM32F4xx_HAL_Driver/Src/stm32f4xx_ll_adc.o
LOAD ./Middlewares/Third_Party/FreeRTOS/Source/CMSIS_RTOS/cmsis_os.o
LOAD ./Middlewares/Third_Party/FreeRTOS/Source/croutine.o
LOAD ./Middlewares/Third_Party/FreeRTOS/Source/event_groups.o
LOAD ./Middlewares/Third_Party/FreeRTOS/Source/list.o
LOAD ./Middlewares/Third_Party/FreeRTOS/Source/queue.o
LOAD ./Middlewares/Third_Party/FreeRTOS/Source/stream_buffer.o
LOAD ./Middlewares/Third_Party/FreeRTOS/Source/tasks.o
LOAD ./Middlewares/Third_Party/FreeRTOS/Source/timers.o
LOAD ./Middlewares/Third_Party/FreeRTOS/Source/portable/GCC/ARM_CM4F/port.o
LOAD ./Middlewares/Third_Party/FreeRTOS/Source/portable/MemMang/heap_4.o
START GROUP
LOAD c:/st/stm32cubeide_1.9.0/stm32cubeide/plugins/com.st.stm32cube.ide.mcu.externaltools.gnu-tools-for-stm32.10.3-2021.10.win32_1.0.0.202111181127/tools/bin/../lib/gcc/arm-none-eabi/10.3.1/../../../../arm-none-eabi/lib/thumb/v7e-m+fp/hard\libc_nano.a
LOAD c:/st/stm32cubeide_1.9.0/stm32cubeide/plugins/com.st.stm32cube.ide.mcu.externaltools.gnu-tools-for-stm32.10.3-2021.10.win32_1.0.0.202111181127/tools/bin/../lib/gcc/arm-none-eabi/10.3.1/../../../../arm-none-eabi/lib/thumb/v7e-m+fp/hard\libm.a
END GROUP
START GROUP
LOAD c:/st/stm32cubeide_1.9.0/stm32cubeide/plugins/com.st.stm32cube.ide.mcu.externaltools.gnu-tools-for-stm32.10.3-2021.10.win32_1.0.0.202111181127/tools/bin/../lib/gcc/arm-none-eabi/10.3.1/thumb/v7e-m+fp/hard\libgcc.a
LOAD c:/st/stm32cubeide_1.9.0/stm32cubeide/plugins/com.st.stm32cube.ide.mcu.externaltools.gnu-tools-for-stm32.10.3-2021.10.win32_1.0.0.202111181127/tools/bin/../lib/gcc/arm-none-eabi/10.3.1/../../../../arm-none-eabi/lib/thumb/v7e-m+fp/hard\libc_nano.a
END GROUP
START GROUP
LOAD c:/st/stm32cubeide_1.9.0/stm32cubeide/plugins/com.st.stm32cube.ide.mcu.externaltools.gnu-tools-for-stm32.10.3-2021.10.win32_1.0.0.202111181127/tools/bin/../lib/gcc/arm-none-eabi/10.3.1/thumb/v7e-m+fp/hard\libgcc.a
LOAD c:/st/stm32cubeide_1.9.0/stm32cubeide/plugins/com.st.stm32cube.ide.mcu.externaltools.gnu-tools-for-stm32.10.3-2021.10.win32_1.0.0.202111181127/tools/bin/../lib/gcc/arm-none-eabi/10.3.1/../../../../arm-none-eabi/lib/thumb/v7e-m+fp/hard\libc_nano.a
LOAD c:/st/stm32cubeide_1.9.0/stm32cubeide/plugins/com.st.stm32cube.ide.mcu.externaltools.gnu-tools-for-stm32.10.3-2021.10.win32_1.0.0.202111181127/tools/bin/../lib/gcc/arm-none-eabi/10.3.1/../../../../arm-none-eabi/lib/thumb/v7e-m+fp/hard\libnosys.a
END GROUP
START GROUP
LOAD c:/st/stm32cubeide_1.9.0/stm32cubeide/plugins/com.st.stm32cube.ide.mcu.externaltools.gnu-tools-for-stm32.10.3-2021.10.win32_1.0.0.202111181127/tools/bin/../lib/gcc/arm-none-eabi/10.3.1/thumb/v7e-m+fp/hard\libgcc.a
LOAD c:/st/stm32cubeide_1.9.0/stm32cubeide/plugins/com.st.stm32cube.ide.mcu.externaltools.gnu-tools-for-stm32.10.3-2021.10.win32_1.0.0.202111181127/tools/bin/../lib/gcc/arm-none-eabi/10.3.1/../../../../arm-none-eabi/lib/thumb/v7e-m+fp/hard\libc_nano.a
LOAD c:/st/stm32cubeide_1.9.0/stm32cubeide/plugins/com.st.stm32cube.ide.mcu.externaltools.gnu-tools-for-stm32.10.3-2021.10.win32_1.0.0.202111181127/tools/bin/../lib/gcc/arm-none-eabi/10.3.1/../../../../arm-none-eabi/lib/thumb/v7e-m+fp/hard\libnosys.a
END GROUP
LOAD c:/st/stm32cubeide_1.9.0/stm32cubeide/plugins/com.st.stm32cube.ide.mcu.externaltools.gnu-tools-for-stm32.10.3-2021.10.win32_1.0.0.202111181127/tools/bin/../lib/gcc/arm-none-eabi/10.3.1/thumb/v7e-m+fp/hard/crtend.o
LOAD c:/st/stm32cubeide_1.9.0/stm32cubeide/plugins/com.st.stm32cube.ide.mcu.externaltools.gnu-tools-for-stm32.10.3-2021.10.win32_1.0.0.202111181127/tools/bin/../lib/gcc/arm-none-eabi/10.3.1/thumb/v7e-m+fp/hard/crtn.o
                0x0000000020020000                _estack = (ORIGIN (RAM) + LENGTH (RAM))
                0x0000000000000200                _Min_Heap_Size = 0x200
                0x0000000000000400                _Min_Stack_Size = 0x400

.isr_vector     0x0000000008000000      0x1c4
                0x0000000008000000                . = ALIGN (0x4)
 *(.isr_vector)
 .isr_vector    0x0000000008000000      0x1c4 ./Core/Startup/startup_stm32f446retx.o
                0x0000000008000000                g_pfnVectors
                0x00000000080001c4                . = ALIGN (0x4)

.text           0x00000000080001d0     0x7380
                0x00000000080001d0                . = ALIGN (0x4)
 *(.text)
 .text          0x00000000080001d0       0x40 c:/st/stm32cubeide_1.9.0/stm32cubeide/plugins/com.st.stm32cube.ide.mcu.externaltools.gnu-tools-for-stm32.10.3-2021.10.win32_1.0.0.202111181127/tools/bin/../lib/gcc/arm-none-eabi/10.3.1/thumb/v7e-m+fp/hard/crtbegin.o
 .text          0x0000000008000210       0x10 c:/st/stm32cubeide_1.9.0/stm32cubeide/plugins/com.st.stm32cube.ide.mcu.externaltools.gnu-tools-for-stm32.10.3-2021.10.win32_1.0.0.202111181127/tools/bin/../lib/gcc/arm-none-eabi/10.3.1/../../../../arm-none-eabi/lib/thumb/v7e-m+fp/hard\libc_nano.a(lib_a-strlen.o)
                0x0000000008000210                strlen
 .text          0x0000000008000220       0xa0 c:/st/stm32cubeide_1.9.0/stm32cubeide/plugins/com.st.stm32cube.ide.mcu.externaltools.gnu-tools-for-stm32.10.3-2021.10.win32_1.0.0.202111181127/tools/bin/../lib/gcc/arm-none-eabi/10.3.1/../../../../arm-none-eabi/lib/thumb/v7e-m+fp/hard\libc_nano.a(lib_a-memchr.o)
                0x0000000008000220                memchr
 .text          0x00000000080002c0       0x30 c:/st/stm32cubeide_1.9.0/stm32cubeide/plugins/com.st.stm32cube.ide.mcu.externaltools.gnu-tools-for-stm32.10.3-2021.10.win32_1.0.0.202111181127/tools/bin/../lib/gcc/arm-none-eabi/10.3.1/thumb/v7e-m+fp/hard\libgcc.a(_aeabi_uldivmod.o)
                0x00000000080002c0                __aeabi_uldivmod
 .text          0x00000000080002f0      0x2d0 c:/st/stm32cubeide_1.9.0/stm32cubeide/plugins/com.st.stm32cube.ide.mcu.externaltools.gnu-tools-for-stm32.10.3-2021.10.win32_1.0.0.202111181127/tools/bin/../lib/gcc/arm-none-eabi/10.3.1/thumb/v7e-m+fp/hard\libgcc.a(_udivmoddi4.o)
                0x00000000080002f0                __udivmoddi4
 .text          0x00000000080005c0        0x4 c:/st/stm32cubeide_1.9.0/stm32cubeide/plugins/com.st.stm32cube.ide.mcu.externaltools.gnu-tools-for-stm32.10.3-2021.10.win32_1.0.0.202111181127/tools/bin/../lib/gcc/arm-none-eabi/10.3.1/thumb/v7e-m+fp/hard\libgcc.a(_dvmd_tls.o)
                0x00000000080005c0                __aeabi_idiv0
                0x00000000080005c0                __aeabi_ldiv0
 *(.text*)
 .text.bufclr   0x00000000080005c4       0x3a ./Core/Src/ESPDataLogger.o
                0x00000000080005c4                bufclr
 *fill*         0x00000000080005fe        0x2 
 .text.ESP_Init
                0x0000000008000600       0xb8 ./Core/Src/ESPDataLogger.o
                0x0000000008000600                ESP_Init
 .text.ESP_Send_Multi
                0x00000000080006b8      0x1bc ./Core/Src/ESPDataLogger.o
                0x00000000080006b8                ESP_Send_Multi
 .text.Ringbuf_init
                0x0000000008000874       0x50 ./Core/Src/UartRingbuffer.o
                0x0000000008000874                Ringbuf_init
 .text.store_char
                0x00000000080008c4       0x3e ./Core/Src/UartRingbuffer.o
                0x00000000080008c4                store_char
 *fill*         0x0000000008000902        0x2 
 .text.Uart_flush
                0x0000000008000904       0x20 ./Core/Src/UartRingbuffer.o
                0x0000000008000904                Uart_flush
 .text.Uart_read
                0x0000000008000924       0x50 ./Core/Src/UartRingbuffer.o
                0x0000000008000924                Uart_read
 .text.Uart_write
                0x0000000008000974       0x68 ./Core/Src/UartRingbuffer.o
                0x0000000008000974                Uart_write
 .text.IsDataAvailable
                0x00000000080009dc       0x30 ./Core/Src/UartRingbuffer.o
                0x00000000080009dc                IsDataAvailable
 .text.Uart_sendstring
                0x0000000008000a0c       0x2a ./Core/Src/UartRingbuffer.o
                0x0000000008000a0c                Uart_sendstring
 *fill*         0x0000000008000a36        0x2 
 .text.Uart_peek
                0x0000000008000a38       0x34 ./Core/Src/UartRingbuffer.o
                0x0000000008000a38                Uart_peek
 .text.Wait_for
                0x0000000008000a6c       0xa8 ./Core/Src/UartRingbuffer.o
                0x0000000008000a6c                Wait_for
 .text.Uart_isr
                0x0000000008000b14       0xb4 ./Core/Src/UartRingbuffer.o
                0x0000000008000b14                Uart_isr
 .text.vApplicationGetIdleTaskMemory
                0x0000000008000bc8       0x34 ./Core/Src/freertos.o
                0x0000000008000bc8                vApplicationGetIdleTaskMemory
 .text.microDelay
                0x0000000008000bfc       0x34 ./Core/Src/main.o
                0x0000000008000bfc                microDelay
 .text.DHT22_Start
                0x0000000008000c30       0xf0 ./Core/Src/main.o
                0x0000000008000c30                DHT22_Start
 .text.DHT22_Read
                0x0000000008000d20       0xf8 ./Core/Src/main.o
                0x0000000008000d20                DHT22_Read
 .text.ADC_Get_Value
                0x0000000008000e18       0x38 ./Core/Src/main.o
                0x0000000008000e18                ADC_Get_Value
 .text.waterLevelSensor
                0x0000000008000e50       0x38 ./Core/Src/main.o
                0x0000000008000e50                waterLevelSensor
 .text.main     0x0000000008000e88      0x138 ./Core/Src/main.o
                0x0000000008000e88                main
 .text.SystemClock_Config
                0x0000000008000fc0       0xdc ./Core/Src/main.o
                0x0000000008000fc0                SystemClock_Config
 .text.MX_ADC1_Init
                0x000000000800109c       0xa8 ./Core/Src/main.o
 .text.MX_ADC2_Init
                0x0000000008001144       0xa8 ./Core/Src/main.o
 .text.MX_TIM1_Init
                0x00000000080011ec       0xa0 ./Core/Src/main.o
 .text.MX_TIM2_Init
                0x000000000800128c       0xb0 ./Core/Src/main.o
 .text.MX_USART1_UART_Init
                0x000000000800133c       0x54 ./Core/Src/main.o
 .text.MX_GPIO_Init
                0x0000000008001390       0xd0 ./Core/Src/main.o
 .text.StartDefaultTask
                0x0000000008001460       0x10 ./Core/Src/main.o
                0x0000000008001460                StartDefaultTask
 .text.Task2_int
                0x0000000008001470      0x1b4 ./Core/Src/main.o
                0x0000000008001470                Task2_int
 .text.Task3_int
                0x0000000008001624       0x48 ./Core/Src/main.o
                0x0000000008001624                Task3_int
 .text.Task4_int
                0x000000000800166c       0xf8 ./Core/Src/main.o
                0x000000000800166c                Task4_int
 .text.HAL_TIM_PeriodElapsedCallback
                0x0000000008001764       0x24 ./Core/Src/main.o
                0x0000000008001764                HAL_TIM_PeriodElapsedCallback
 .text.Error_Handler
                0x0000000008001788        0xa ./Core/Src/main.o
                0x0000000008001788                Error_Handler
 *fill*         0x0000000008001792        0x2 
 .text.HAL_MspInit
                0x0000000008001794       0x58 ./Core/Src/stm32f4xx_hal_msp.o
                0x0000000008001794                HAL_MspInit
 .text.HAL_ADC_MspInit
                0x00000000080017ec       0xe8 ./Core/Src/stm32f4xx_hal_msp.o
                0x00000000080017ec                HAL_ADC_MspInit
 .text.HAL_TIM_Base_MspInit
                0x00000000080018d4       0x44 ./Core/Src/stm32f4xx_hal_msp.o
                0x00000000080018d4                HAL_TIM_Base_MspInit
 .text.HAL_TIM_PWM_MspInit
                0x0000000008001918       0x40 ./Core/Src/stm32f4xx_hal_msp.o
                0x0000000008001918                HAL_TIM_PWM_MspInit
 .text.HAL_TIM_MspPostInit
                0x0000000008001958       0x70 ./Core/Src/stm32f4xx_hal_msp.o
                0x0000000008001958                HAL_TIM_MspPostInit
 .text.HAL_UART_MspInit
                0x00000000080019c8       0xa0 ./Core/Src/stm32f4xx_hal_msp.o
                0x00000000080019c8                HAL_UART_MspInit
 .text.HAL_InitTick
                0x0000000008001a68       0xb4 ./Core/Src/stm32f4xx_hal_timebase_tim.o
                0x0000000008001a68                HAL_InitTick
 .text.NMI_Handler
                0x0000000008001b1c        0x6 ./Core/Src/stm32f4xx_it.o
                0x0000000008001b1c                NMI_Handler
 .text.HardFault_Handler
                0x0000000008001b22        0x6 ./Core/Src/stm32f4xx_it.o
                0x0000000008001b22                HardFault_Handler
 .text.MemManage_Handler
                0x0000000008001b28        0x6 ./Core/Src/stm32f4xx_it.o
                0x0000000008001b28                MemManage_Handler
 .text.BusFault_Handler
                0x0000000008001b2e        0x6 ./Core/Src/stm32f4xx_it.o
                0x0000000008001b2e                BusFault_Handler
 .text.UsageFault_Handler
                0x0000000008001b34        0x6 ./Core/Src/stm32f4xx_it.o
                0x0000000008001b34                UsageFault_Handler
 .text.DebugMon_Handler
                0x0000000008001b3a        0xe ./Core/Src/stm32f4xx_it.o
                0x0000000008001b3a                DebugMon_Handler
 .text.TIM3_IRQHandler
                0x0000000008001b48       0x14 ./Core/Src/stm32f4xx_it.o
                0x0000000008001b48                TIM3_IRQHandler
 .text.USART1_IRQHandler
                0x0000000008001b5c       0x18 ./Core/Src/stm32f4xx_it.o
                0x0000000008001b5c                USART1_IRQHandler
 .text._sbrk    0x0000000008001b74       0x6c ./Core/Src/sysmem.o
                0x0000000008001b74                _sbrk
 .text.SystemInit
                0x0000000008001be0       0x24 ./Core/Src/system_stm32f4xx.o
                0x0000000008001be0                SystemInit
 .text.Reset_Handler
                0x0000000008001c04       0x50 ./Core/Startup/startup_stm32f446retx.o
                0x0000000008001c04                Reset_Handler
 .text.Default_Handler
                0x0000000008001c54        0x2 ./Core/Startup/startup_stm32f446retx.o
                0x0000000008001c54                RTC_Alarm_IRQHandler
                0x0000000008001c54                EXTI2_IRQHandler
                0x0000000008001c54                TIM8_CC_IRQHandler
                0x0000000008001c54                FMPI2C1_EV_IRQHandler
                0x0000000008001c54                SPI4_IRQHandler
                0x0000000008001c54                TIM1_CC_IRQHandler
                0x0000000008001c54                DMA2_Stream5_IRQHandler
                0x0000000008001c54                DMA1_Stream5_IRQHandler
                0x0000000008001c54                PVD_IRQHandler
                0x0000000008001c54                SDIO_IRQHandler
                0x0000000008001c54                TAMP_STAMP_IRQHandler
                0x0000000008001c54                CAN2_RX1_IRQHandler
                0x0000000008001c54                EXTI3_IRQHandler
                0x0000000008001c54                TIM8_TRG_COM_TIM14_IRQHandler
                0x0000000008001c54                TIM1_UP_TIM10_IRQHandler
                0x0000000008001c54                TIM8_UP_TIM13_IRQHandler
                0x0000000008001c54                I2C3_ER_IRQHandler
                0x0000000008001c54                EXTI0_IRQHandler
                0x0000000008001c54                I2C2_EV_IRQHandler
                0x0000000008001c54                DMA1_Stream2_IRQHandler
                0x0000000008001c54                CAN1_RX0_IRQHandler
                0x0000000008001c54                FPU_IRQHandler
                0x0000000008001c54                OTG_HS_WKUP_IRQHandler
                0x0000000008001c54                CAN2_SCE_IRQHandler
                0x0000000008001c54                DMA2_Stream2_IRQHandler
                0x0000000008001c54                SPI1_IRQHandler
                0x0000000008001c54                TIM6_DAC_IRQHandler
                0x0000000008001c54                TIM1_BRK_TIM9_IRQHandler
                0x0000000008001c54                DCMI_IRQHandler
                0x0000000008001c54                CAN2_RX0_IRQHandler
                0x0000000008001c54                DMA2_Stream3_IRQHandler
                0x0000000008001c54                SAI2_IRQHandler
                0x0000000008001c54                USART6_IRQHandler
                0x0000000008001c54                USART3_IRQHandler
                0x0000000008001c54                CAN1_RX1_IRQHandler
                0x0000000008001c54                UART5_IRQHandler
                0x0000000008001c54                DMA2_Stream0_IRQHandler
                0x0000000008001c54                TIM4_IRQHandler
                0x0000000008001c54                QUADSPI_IRQHandler
                0x0000000008001c54                I2C1_EV_IRQHandler
                0x0000000008001c54                DMA1_Stream6_IRQHandler
                0x0000000008001c54                DMA1_Stream1_IRQHandler
                0x0000000008001c54                UART4_IRQHandler
                0x0000000008001c54                RCC_IRQHandler
                0x0000000008001c54                TIM8_BRK_TIM12_IRQHandler
                0x0000000008001c54                Default_Handler
                0x0000000008001c54                CEC_IRQHandler
                0x0000000008001c54                EXTI15_10_IRQHandler
                0x0000000008001c54                ADC_IRQHandler
                0x0000000008001c54                DMA1_Stream7_IRQHandler
                0x0000000008001c54                TIM7_IRQHandler
                0x0000000008001c54                CAN2_TX_IRQHandler
                0x0000000008001c54                TIM5_IRQHandler
                0x0000000008001c54                DMA2_Stream7_IRQHandler
                0x0000000008001c54                I2C3_EV_IRQHandler
                0x0000000008001c54                EXTI9_5_IRQHandler
                0x0000000008001c54                RTC_WKUP_IRQHandler
                0x0000000008001c54                SPDIF_RX_IRQHandler
                0x0000000008001c54                SPI2_IRQHandler
                0x0000000008001c54                OTG_HS_EP1_IN_IRQHandler
                0x0000000008001c54                DMA1_Stream0_IRQHandler
                0x0000000008001c54                CAN1_TX_IRQHandler
                0x0000000008001c54                FMPI2C1_ER_IRQHandler
                0x0000000008001c54                EXTI4_IRQHandler
                0x0000000008001c54                OTG_HS_EP1_OUT_IRQHandler
                0x0000000008001c54                WWDG_IRQHandler
                0x0000000008001c54                TIM2_IRQHandler
                0x0000000008001c54                OTG_FS_WKUP_IRQHandler
                0x0000000008001c54                TIM1_TRG_COM_TIM11_IRQHandler
                0x0000000008001c54                OTG_HS_IRQHandler
                0x0000000008001c54                EXTI1_IRQHandler
                0x0000000008001c54                USART2_IRQHandler
                0x0000000008001c54                I2C2_ER_IRQHandler
                0x0000000008001c54                DMA2_Stream1_IRQHandler
                0x0000000008001c54                CAN1_SCE_IRQHandler
                0x0000000008001c54                FLASH_IRQHandler
                0x0000000008001c54                DMA2_Stream4_IRQHandler
                0x0000000008001c54                OTG_FS_IRQHandler
                0x0000000008001c54                SPI3_IRQHandler
                0x0000000008001c54                DMA1_Stream4_IRQHandler
                0x0000000008001c54                I2C1_ER_IRQHandler
                0x0000000008001c54                FMC_IRQHandler
                0x0000000008001c54                DMA2_Stream6_IRQHandler
                0x0000000008001c54                SAI1_IRQHandler
                0x0000000008001c54                DMA1_Stream3_IRQHandler
 *fill*         0x0000000008001c56        0x2 
 .text.HAL_Init
                0x0000000008001c58       0x44 ./Drivers/STM32F4xx_HAL_Driver/Src/stm32f4xx_hal.o
                0x0000000008001c58                HAL_Init
 .text.HAL_IncTick
                0x0000000008001c9c       0x28 ./Drivers/STM32F4xx_HAL_Driver/Src/stm32f4xx_hal.o
                0x0000000008001c9c                HAL_IncTick
 .text.HAL_GetTick
                0x0000000008001cc4       0x18 ./Drivers/STM32F4xx_HAL_Driver/Src/stm32f4xx_hal.o
                0x0000000008001cc4                HAL_GetTick
 .text.HAL_Delay
                0x0000000008001cdc       0x48 ./Drivers/STM32F4xx_HAL_Driver/Src/stm32f4xx_hal.o
                0x0000000008001cdc                HAL_Delay
 .text.HAL_ADC_Init
                0x0000000008001d24       0x86 ./Drivers/STM32F4xx_HAL_Driver/Src/stm32f4xx_hal_adc.o
                0x0000000008001d24                HAL_ADC_Init
 *fill*         0x0000000008001daa        0x2 
 .text.HAL_ADC_Start
                0x0000000008001dac      0x1a4 ./Drivers/STM32F4xx_HAL_Driver/Src/stm32f4xx_hal_adc.o
                0x0000000008001dac                HAL_ADC_Start
 .text.HAL_ADC_Stop
                0x0000000008001f50       0x66 ./Drivers/STM32F4xx_HAL_Driver/Src/stm32f4xx_hal_adc.o
                0x0000000008001f50                HAL_ADC_Stop
 .text.HAL_ADC_PollForConversion
                0x0000000008001fb6      0x116 ./Drivers/STM32F4xx_HAL_Driver/Src/stm32f4xx_hal_adc.o
                0x0000000008001fb6                HAL_ADC_PollForConversion
 .text.HAL_ADC_GetValue
                0x00000000080020cc       0x1a ./Drivers/STM32F4xx_HAL_Driver/Src/stm32f4xx_hal_adc.o
                0x00000000080020cc                HAL_ADC_GetValue
 *fill*         0x00000000080020e6        0x2 
 .text.HAL_ADC_ConfigChannel
                0x00000000080020e8      0x264 ./Drivers/STM32F4xx_HAL_Driver/Src/stm32f4xx_hal_adc.o
                0x00000000080020e8                HAL_ADC_ConfigChannel
 .text.ADC_Init
                0x000000000800234c      0x1f8 ./Drivers/STM32F4xx_HAL_Driver/Src/stm32f4xx_hal_adc.o
 .text.__NVIC_SetPriorityGrouping
                0x0000000008002544       0x48 ./Drivers/STM32F4xx_HAL_Driver/Src/stm32f4xx_hal_cortex.o
 .text.__NVIC_GetPriorityGrouping
                0x000000000800258c       0x1c ./Drivers/STM32F4xx_HAL_Driver/Src/stm32f4xx_hal_cortex.o
 .text.__NVIC_EnableIRQ
                0x00000000080025a8       0x3c ./Drivers/STM32F4xx_HAL_Driver/Src/stm32f4xx_hal_cortex.o
 .text.__NVIC_SetPriority
                0x00000000080025e4       0x54 ./Drivers/STM32F4xx_HAL_Driver/Src/stm32f4xx_hal_cortex.o
 .text.NVIC_EncodePriority
                0x0000000008002638       0x66 ./Drivers/STM32F4xx_HAL_Driver/Src/stm32f4xx_hal_cortex.o
 .text.HAL_NVIC_SetPriorityGrouping
                0x000000000800269e       0x16 ./Drivers/STM32F4xx_HAL_Driver/Src/stm32f4xx_hal_cortex.o
                0x000000000800269e                HAL_NVIC_SetPriorityGrouping
 .text.HAL_NVIC_SetPriority
                0x00000000080026b4       0x38 ./Drivers/STM32F4xx_HAL_Driver/Src/stm32f4xx_hal_cortex.o
                0x00000000080026b4                HAL_NVIC_SetPriority
 .text.HAL_NVIC_EnableIRQ
                0x00000000080026ec       0x1c ./Drivers/STM32F4xx_HAL_Driver/Src/stm32f4xx_hal_cortex.o
                0x00000000080026ec                HAL_NVIC_EnableIRQ
 .text.HAL_DMA_Abort
                0x0000000008002708       0xe0 ./Drivers/STM32F4xx_HAL_Driver/Src/stm32f4xx_hal_dma.o
                0x0000000008002708                HAL_DMA_Abort
 .text.HAL_DMA_Abort_IT
                0x00000000080027e8       0x44 ./Drivers/STM32F4xx_HAL_Driver/Src/stm32f4xx_hal_dma.o
                0x00000000080027e8                HAL_DMA_Abort_IT
 .text.HAL_GPIO_Init
                0x000000000800282c      0x328 ./Drivers/STM32F4xx_HAL_Driver/Src/stm32f4xx_hal_gpio.o
                0x000000000800282c                HAL_GPIO_Init
 .text.HAL_GPIO_ReadPin
                0x0000000008002b54       0x30 ./Drivers/STM32F4xx_HAL_Driver/Src/stm32f4xx_hal_gpio.o
                0x0000000008002b54                HAL_GPIO_ReadPin
 .text.HAL_GPIO_WritePin
                0x0000000008002b84       0x32 ./Drivers/STM32F4xx_HAL_Driver/Src/stm32f4xx_hal_gpio.o
                0x0000000008002b84                HAL_GPIO_WritePin
 *fill*         0x0000000008002bb6        0x2 
 .text.HAL_RCC_ClockConfig
                0x0000000008002bb8      0x1cc ./Drivers/STM32F4xx_HAL_Driver/Src/stm32f4xx_hal_rcc.o
                0x0000000008002bb8                HAL_RCC_ClockConfig
 .text.HAL_RCC_GetHCLKFreq
                0x0000000008002d84       0x18 ./Drivers/STM32F4xx_HAL_Driver/Src/stm32f4xx_hal_rcc.o
                0x0000000008002d84                HAL_RCC_GetHCLKFreq
 .text.HAL_RCC_GetPCLK1Freq
                0x0000000008002d9c       0x28 ./Drivers/STM32F4xx_HAL_Driver/Src/stm32f4xx_hal_rcc.o
                0x0000000008002d9c                HAL_RCC_GetPCLK1Freq
 .text.HAL_RCC_GetPCLK2Freq
                0x0000000008002dc4       0x28 ./Drivers/STM32F4xx_HAL_Driver/Src/stm32f4xx_hal_rcc.o
                0x0000000008002dc4                HAL_RCC_GetPCLK2Freq
 .text.HAL_RCC_GetClockConfig
                0x0000000008002dec       0x64 ./Drivers/STM32F4xx_HAL_Driver/Src/stm32f4xx_hal_rcc.o
                0x0000000008002dec                HAL_RCC_GetClockConfig
 .text.HAL_RCC_GetSysClockFreq
                0x0000000008002e50      0x460 ./Drivers/STM32F4xx_HAL_Driver/Src/stm32f4xx_hal_rcc_ex.o
                0x0000000008002e50                HAL_RCC_GetSysClockFreq
 .text.HAL_RCC_OscConfig
                0x00000000080032b0      0x53c ./Drivers/STM32F4xx_HAL_Driver/Src/stm32f4xx_hal_rcc_ex.o
                0x00000000080032b0                HAL_RCC_OscConfig
 .text.HAL_TIM_Base_Init
                0x00000000080037ec       0x9e ./Drivers/STM32F4xx_HAL_Driver/Src/stm32f4xx_hal_tim.o
                0x00000000080037ec                HAL_TIM_Base_Init
 *fill*         0x000000000800388a        0x2 
 .text.HAL_TIM_Base_Start
                0x000000000800388c       0xd0 ./Drivers/STM32F4xx_HAL_Driver/Src/stm32f4xx_hal_tim.o
                0x000000000800388c                HAL_TIM_Base_Start
 .text.HAL_TIM_Base_Start_IT
                0x000000000800395c       0xe0 ./Drivers/STM32F4xx_HAL_Driver/Src/stm32f4xx_hal_tim.o
                0x000000000800395c                HAL_TIM_Base_Start_IT
 .text.HAL_TIM_PWM_Init
                0x0000000008003a3c       0x9e ./Drivers/STM32F4xx_HAL_Driver/Src/stm32f4xx_hal_tim.o
                0x0000000008003a3c                HAL_TIM_PWM_Init
 *fill*         0x0000000008003ada        0x2 
 .text.HAL_TIM_PWM_Start
                0x0000000008003adc      0x190 ./Drivers/STM32F4xx_HAL_Driver/Src/stm32f4xx_hal_tim.o
                0x0000000008003adc                HAL_TIM_PWM_Start
 .text.HAL_TIM_IRQHandler
                0x0000000008003c6c      0x210 ./Drivers/STM32F4xx_HAL_Driver/Src/stm32f4xx_hal_tim.o
                0x0000000008003c6c                HAL_TIM_IRQHandler
 .text.HAL_TIM_PWM_ConfigChannel
                0x0000000008003e7c      0x184 ./Drivers/STM32F4xx_HAL_Driver/Src/stm32f4xx_hal_tim.o
                0x0000000008003e7c                HAL_TIM_PWM_ConfigChannel
 .text.HAL_TIM_ConfigClockSource
                0x0000000008004000      0x18e ./Drivers/STM32F4xx_HAL_Driver/Src/stm32f4xx_hal_tim.o
                0x0000000008004000                HAL_TIM_ConfigClockSource
 .text.HAL_TIM_OC_DelayElapsedCallback
                0x000000000800418e       0x14 ./Drivers/STM32F4xx_HAL_Driver/Src/stm32f4xx_hal_tim.o
                0x000000000800418e                HAL_TIM_OC_DelayElapsedCallback
 .text.HAL_TIM_IC_CaptureCallback
                0x00000000080041a2       0x14 ./Drivers/STM32F4xx_HAL_Driver/Src/stm32f4xx_hal_tim.o
                0x00000000080041a2                HAL_TIM_IC_CaptureCallback
 .text.HAL_TIM_PWM_PulseFinishedCallback
                0x00000000080041b6       0x14 ./Drivers/STM32F4xx_HAL_Driver/Src/stm32f4xx_hal_tim.o
                0x00000000080041b6                HAL_TIM_PWM_PulseFinishedCallback
 .text.HAL_TIM_TriggerCallback
                0x00000000080041ca       0x14 ./Drivers/STM32F4xx_HAL_Driver/Src/stm32f4xx_hal_tim.o
                0x00000000080041ca                HAL_TIM_TriggerCallback
 *fill*         0x00000000080041de        0x2 
 .text.TIM_Base_SetConfig
                0x00000000080041e0      0x140 ./Drivers/STM32F4xx_HAL_Driver/Src/stm32f4xx_hal_tim.o
                0x00000000080041e0                TIM_Base_SetConfig
 .text.TIM_OC1_SetConfig
                0x0000000008004320       0xe0 ./Drivers/STM32F4xx_HAL_Driver/Src/stm32f4xx_hal_tim.o
 .text.TIM_OC2_SetConfig
                0x0000000008004400       0xec ./Drivers/STM32F4xx_HAL_Driver/Src/stm32f4xx_hal_tim.o
                0x0000000008004400                TIM_OC2_SetConfig
 .text.TIM_OC3_SetConfig
                0x00000000080044ec       0xe8 ./Drivers/STM32F4xx_HAL_Driver/Src/stm32f4xx_hal_tim.o
 .text.TIM_OC4_SetConfig
                0x00000000080045d4       0xac ./Drivers/STM32F4xx_HAL_Driver/Src/stm32f4xx_hal_tim.o
 .text.TIM_TI1_ConfigInputStage
                0x0000000008004680       0x5e ./Drivers/STM32F4xx_HAL_Driver/Src/stm32f4xx_hal_tim.o
 .text.TIM_TI2_ConfigInputStage
                0x00000000080046de       0x60 ./Drivers/STM32F4xx_HAL_Driver/Src/stm32f4xx_hal_tim.o
 .text.TIM_ITRx_SetConfig
                0x000000000800473e       0x36 ./Drivers/STM32F4xx_HAL_Driver/Src/stm32f4xx_hal_tim.o
 .text.TIM_ETR_SetConfig
                0x0000000008004774       0x40 ./Drivers/STM32F4xx_HAL_Driver/Src/stm32f4xx_hal_tim.o
                0x0000000008004774                TIM_ETR_SetConfig
 .text.TIM_CCxChannelCmd
                0x00000000080047b4       0x4a ./Drivers/STM32F4xx_HAL_Driver/Src/stm32f4xx_hal_tim.o
                0x00000000080047b4                TIM_CCxChannelCmd
 *fill*         0x00000000080047fe        0x2 
 .text.HAL_TIMEx_MasterConfigSynchronization
                0x0000000008004800       0xf8 ./Drivers/STM32F4xx_HAL_Driver/Src/stm32f4xx_hal_tim_ex.o
                0x0000000008004800                HAL_TIMEx_MasterConfigSynchronization
 .text.HAL_TIMEx_CommutCallback
                0x00000000080048f8       0x14 ./Drivers/STM32F4xx_HAL_Driver/Src/stm32f4xx_hal_tim_ex.o
                0x00000000080048f8                HAL_TIMEx_CommutCallback
 .text.HAL_TIMEx_BreakCallback
                0x000000000800490c       0x14 ./Drivers/STM32F4xx_HAL_Driver/Src/stm32f4xx_hal_tim_ex.o
                0x000000000800490c                HAL_TIMEx_BreakCallback
 .text.HAL_UART_Init
                0x0000000008004920       0x9a ./Drivers/STM32F4xx_HAL_Driver/Src/stm32f4xx_hal_uart.o
                0x0000000008004920                HAL_UART_Init
 *fill*         0x00000000080049ba        0x2 
 .text.HAL_UART_IRQHandler
                0x00000000080049bc      0x51c ./Drivers/STM32F4xx_HAL_Driver/Src/stm32f4xx_hal_uart.o
                0x00000000080049bc                HAL_UART_IRQHandler
 .text.HAL_UART_TxCpltCallback
                0x0000000008004ed8       0x14 ./Drivers/STM32F4xx_HAL_Driver/Src/stm32f4xx_hal_uart.o
                0x0000000008004ed8                HAL_UART_TxCpltCallback
 .text.HAL_UART_RxCpltCallback
                0x0000000008004eec       0x14 ./Drivers/STM32F4xx_HAL_Driver/Src/stm32f4xx_hal_uart.o
                0x0000000008004eec                HAL_UART_RxCpltCallback
 .text.HAL_UART_ErrorCallback
                0x0000000008004f00       0x14 ./Drivers/STM32F4xx_HAL_Driver/Src/stm32f4xx_hal_uart.o
                0x0000000008004f00                HAL_UART_ErrorCallback
 .text.HAL_UARTEx_RxEventCallback
                0x0000000008004f14       0x18 ./Drivers/STM32F4xx_HAL_Driver/Src/stm32f4xx_hal_uart.o
                0x0000000008004f14                HAL_UARTEx_RxEventCallback
 .text.UART_EndRxTransfer
                0x0000000008004f2c       0xc6 ./Drivers/STM32F4xx_HAL_Driver/Src/stm32f4xx_hal_uart.o
 .text.UART_DMAAbortOnError
                0x0000000008004ff2       0x28 ./Drivers/STM32F4xx_HAL_Driver/Src/stm32f4xx_hal_uart.o
 .text.UART_Transmit_IT
                0x000000000800501a       0xa0 ./Drivers/STM32F4xx_HAL_Driver/Src/stm32f4xx_hal_uart.o
 .text.UART_EndTransmit_IT
                0x00000000080050ba       0x30 ./Drivers/STM32F4xx_HAL_Driver/Src/stm32f4xx_hal_uart.o
 .text.UART_Receive_IT
                0x00000000080050ea      0x176 ./Drivers/STM32F4xx_HAL_Driver/Src/stm32f4xx_hal_uart.o
 .text.UART_SetConfig
                0x0000000008005260      0x4e8 ./Drivers/STM32F4xx_HAL_Driver/Src/stm32f4xx_hal_uart.o
 .text.makeFreeRtosPriority
                0x0000000008005748       0x30 ./Middlewares/Third_Party/FreeRTOS/Source/CMSIS_RTOS/cmsis_os.o
 .text.osKernelStart
                0x0000000008005778        0xe ./Middlewares/Third_Party/FreeRTOS/Source/CMSIS_RTOS/cmsis_os.o
                0x0000000008005778                osKernelStart
 .text.osThreadCreate
                0x0000000008005786       0x98 ./Middlewares/Third_Party/FreeRTOS/Source/CMSIS_RTOS/cmsis_os.o
                0x0000000008005786                osThreadCreate
 .text.osDelay  0x000000000800581e       0x28 ./Middlewares/Third_Party/FreeRTOS/Source/CMSIS_RTOS/cmsis_os.o
                0x000000000800581e                osDelay
 .text.vListInitialise
                0x0000000008005846       0x40 ./Middlewares/Third_Party/FreeRTOS/Source/list.o
                0x0000000008005846                vListInitialise
 .text.vListInitialiseItem
                0x0000000008005886       0x1a ./Middlewares/Third_Party/FreeRTOS/Source/list.o
                0x0000000008005886                vListInitialiseItem
 .text.vListInsertEnd
                0x00000000080058a0       0x48 ./Middlewares/Third_Party/FreeRTOS/Source/list.o
                0x00000000080058a0                vListInsertEnd
 .text.vListInsert
                0x00000000080058e8       0x72 ./Middlewares/Third_Party/FreeRTOS/Source/list.o
                0x00000000080058e8                vListInsert
 .text.uxListRemove
                0x000000000800595a       0x54 ./Middlewares/Third_Party/FreeRTOS/Source/list.o
                0x000000000800595a                uxListRemove
 .text.xTaskCreateStatic
                0x00000000080059ae       0xba ./Middlewares/Third_Party/FreeRTOS/Source/tasks.o
                0x00000000080059ae                xTaskCreateStatic
 .text.xTaskCreate
                0x0000000008005a68       0x8a ./Middlewares/Third_Party/FreeRTOS/Source/tasks.o
                0x0000000008005a68                xTaskCreate
 .text.prvInitialiseNewTask
                0x0000000008005af2      0x10e ./Middlewares/Third_Party/FreeRTOS/Source/tasks.o
 .text.prvAddNewTaskToReadyList
                0x0000000008005c00       0xd4 ./Middlewares/Third_Party/FreeRTOS/Source/tasks.o
 .text.vTaskDelay
                0x0000000008005cd4       0x68 ./Middlewares/Third_Party/FreeRTOS/Source/tasks.o
                0x0000000008005cd4                vTaskDelay
 .text.vTaskStartScheduler
                0x0000000008005d3c       0xc0 ./Middlewares/Third_Party/FreeRTOS/Source/tasks.o
                0x0000000008005d3c                vTaskStartScheduler
 .text.vTaskSuspendAll
                0x0000000008005dfc       0x1c ./Middlewares/Third_Party/FreeRTOS/Source/tasks.o
                0x0000000008005dfc                vTaskSuspendAll
 .text.xTaskResumeAll
                0x0000000008005e18      0x138 ./Middlewares/Third_Party/FreeRTOS/Source/tasks.o
                0x0000000008005e18                xTaskResumeAll
 .text.xTaskIncrementTick
                0x0000000008005f50      0x170 ./Middlewares/Third_Party/FreeRTOS/Source/tasks.o
                0x0000000008005f50                xTaskIncrementTick
 .text.vTaskSwitchContext
                0x00000000080060c0       0xb8 ./Middlewares/Third_Party/FreeRTOS/Source/tasks.o
                0x00000000080060c0                vTaskSwitchContext
 .text.prvIdleTask
                0x0000000008006178       0x30 ./Middlewares/Third_Party/FreeRTOS/Source/tasks.o
 .text.prvInitialiseTaskLists
                0x00000000080061a8       0x80 ./Middlewares/Third_Party/FreeRTOS/Source/tasks.o
 .text.prvCheckTasksWaitingTermination
                0x0000000008006228       0x5c ./Middlewares/Third_Party/FreeRTOS/Source/tasks.o
 .text.prvDeleteTCB
                0x0000000008006284       0x5e ./Middlewares/Third_Party/FreeRTOS/Source/tasks.o
 *fill*         0x00000000080062e2        0x2 
 .text.prvResetNextTaskUnblockTime
                0x00000000080062e4       0x40 ./Middlewares/Third_Party/FreeRTOS/Source/tasks.o
 .text.prvAddCurrentTaskToDelayedList
                0x0000000008006324       0xcc ./Middlewares/Third_Party/FreeRTOS/Source/tasks.o
 .text.pxPortInitialiseStack
                0x00000000080063f0       0x68 ./Middlewares/Third_Party/FreeRTOS/Source/portable/GCC/ARM_CM4F/port.o
                0x00000000080063f0                pxPortInitialiseStack
 .text.prvTaskExitError
                0x0000000008006458       0x58 ./Middlewares/Third_Party/FreeRTOS/Source/portable/GCC/ARM_CM4F/port.o
 .text.SVC_Handler
                0x00000000080064b0       0x28 ./Middlewares/Third_Party/FreeRTOS/Source/portable/GCC/ARM_CM4F/port.o
                0x00000000080064b0                SVC_Handler
 .text.prvPortStartFirstTask
                0x00000000080064d8       0x28 ./Middlewares/Third_Party/FreeRTOS/Source/portable/GCC/ARM_CM4F/port.o
 .text.xPortStartScheduler
                0x0000000008006500      0x144 ./Middlewares/Third_Party/FreeRTOS/Source/portable/GCC/ARM_CM4F/port.o
                0x0000000008006500                xPortStartScheduler
 .text.vPortEnterCritical
                0x0000000008006644       0x60 ./Middlewares/Third_Party/FreeRTOS/Source/portable/GCC/ARM_CM4F/port.o
                0x0000000008006644                vPortEnterCritical
 .text.vPortExitCritical
                0x00000000080066a4       0x54 ./Middlewares/Third_Party/FreeRTOS/Source/portable/GCC/ARM_CM4F/port.o
                0x00000000080066a4                vPortExitCritical
 *fill*         0x00000000080066f8        0x8 
 .text.PendSV_Handler
                0x0000000008006700       0x68 ./Middlewares/Third_Party/FreeRTOS/Source/portable/GCC/ARM_CM4F/port.o
                0x0000000008006700                PendSV_Handler
 .text.SysTick_Handler
                0x0000000008006768       0x44 ./Middlewares/Third_Party/FreeRTOS/Source/portable/GCC/ARM_CM4F/port.o
                0x0000000008006768                SysTick_Handler
 .text.vPortSetupTimerInterrupt
                0x00000000080067ac       0x48 ./Middlewares/Third_Party/FreeRTOS/Source/portable/GCC/ARM_CM4F/port.o
                0x00000000080067ac                vPortSetupTimerInterrupt
 .text.vPortEnableVFP
                0x00000000080067f4       0x14 ./Middlewares/Third_Party/FreeRTOS/Source/portable/GCC/ARM_CM4F/port.o
 .text.pvPortMalloc
                0x0000000008006808      0x198 ./Middlewares/Third_Party/FreeRTOS/Source/portable/MemMang/heap_4.o
                0x0000000008006808                pvPortMalloc
 .text.vPortFree
                0x00000000080069a0       0xc4 ./Middlewares/Third_Party/FreeRTOS/Source/portable/MemMang/heap_4.o
                0x00000000080069a0                vPortFree
 .text.prvHeapInit
                0x0000000008006a64       0xc4 ./Middlewares/Third_Party/FreeRTOS/Source/portable/MemMang/heap_4.o
 .text.prvInsertBlockIntoFreeList
                0x0000000008006b28       0xb4 ./Middlewares/Third_Party/FreeRTOS/Source/portable/MemMang/heap_4.o
 .text.__errno  0x0000000008006bdc        0xc c:/st/stm32cubeide_1.9.0/stm32cubeide/plugins/com.st.stm32cube.ide.mcu.externaltools.gnu-tools-for-stm32.10.3-2021.10.win32_1.0.0.202111181127/tools/bin/../lib/gcc/arm-none-eabi/10.3.1/../../../../arm-none-eabi/lib/thumb/v7e-m+fp/hard\libc_nano.a(lib_a-errno.o)
                0x0000000008006bdc                __errno
 .text.__libc_init_array
                0x0000000008006be8       0x48 c:/st/stm32cubeide_1.9.0/stm32cubeide/plugins/com.st.stm32cube.ide.mcu.externaltools.gnu-tools-for-stm32.10.3-2021.10.win32_1.0.0.202111181127/tools/bin/../lib/gcc/arm-none-eabi/10.3.1/../../../../arm-none-eabi/lib/thumb/v7e-m+fp/hard\libc_nano.a(lib_a-init.o)
                0x0000000008006be8                __libc_init_array
 .text.memcpy   0x0000000008006c30       0x1c c:/st/stm32cubeide_1.9.0/stm32cubeide/plugins/com.st.stm32cube.ide.mcu.externaltools.gnu-tools-for-stm32.10.3-2021.10.win32_1.0.0.202111181127/tools/bin/../lib/gcc/arm-none-eabi/10.3.1/../../../../arm-none-eabi/lib/thumb/v7e-m+fp/hard\libc_nano.a(lib_a-memcpy-stub.o)
                0x0000000008006c30                memcpy
 .text.memset   0x0000000008006c4c       0x10 c:/st/stm32cubeide_1.9.0/stm32cubeide/plugins/com.st.stm32cube.ide.mcu.externaltools.gnu-tools-for-stm32.10.3-2021.10.win32_1.0.0.202111181127/tools/bin/../lib/gcc/arm-none-eabi/10.3.1/../../../../arm-none-eabi/lib/thumb/v7e-m+fp/hard\libc_nano.a(lib_a-memset.o)
                0x0000000008006c4c                memset
 .text.sprintf  0x0000000008006c5c       0x40 c:/st/stm32cubeide_1.9.0/stm32cubeide/plugins/com.st.stm32cube.ide.mcu.externaltools.gnu-tools-for-stm32.10.3-2021.10.win32_1.0.0.202111181127/tools/bin/../lib/gcc/arm-none-eabi/10.3.1/../../../../arm-none-eabi/lib/thumb/v7e-m+fp/hard\libc_nano.a(lib_a-sprintf.o)
                0x0000000008006c5c                siprintf
                0x0000000008006c5c                sprintf
 .text.strcat   0x0000000008006c9c       0x1e c:/st/stm32cubeide_1.9.0/stm32cubeide/plugins/com.st.stm32cube.ide.mcu.externaltools.gnu-tools-for-stm32.10.3-2021.10.win32_1.0.0.202111181127/tools/bin/../lib/gcc/arm-none-eabi/10.3.1/../../../../arm-none-eabi/lib/thumb/v7e-m+fp/hard\libc_nano.a(lib_a-strcat.o)
                0x0000000008006c9c                strcat
 .text.__ssputs_r
                0x0000000008006cba       0xb6 c:/st/stm32cubeide_1.9.0/stm32cubeide/plugins/com.st.stm32cube.ide.mcu.externaltools.gnu-tools-for-stm32.10.3-2021.10.win32_1.0.0.202111181127/tools/bin/../lib/gcc/arm-none-eabi/10.3.1/../../../../arm-none-eabi/lib/thumb/v7e-m+fp/hard\libc_nano.a(lib_a-nano-svfprintf.o)
                0x0000000008006cba                __ssputs_r
 .text._svfprintf_r
                0x0000000008006d70      0x200 c:/st/stm32cubeide_1.9.0/stm32cubeide/plugins/com.st.stm32cube.ide.mcu.externaltools.gnu-tools-for-stm32.10.3-2021.10.win32_1.0.0.202111181127/tools/bin/../lib/gcc/arm-none-eabi/10.3.1/../../../../arm-none-eabi/lib/thumb/v7e-m+fp/hard\libc_nano.a(lib_a-nano-svfprintf.o)
                0x0000000008006d70                _svfiprintf_r
                0x0000000008006d70                _svfprintf_r
 .text._printf_common
                0x0000000008006f70       0xda c:/st/stm32cubeide_1.9.0/stm32cubeide/plugins/com.st.stm32cube.ide.mcu.externaltools.gnu-tools-for-stm32.10.3-2021.10.win32_1.0.0.202111181127/tools/bin/../lib/gcc/arm-none-eabi/10.3.1/../../../../arm-none-eabi/lib/thumb/v7e-m+fp/hard\libc_nano.a(lib_a-nano-vfprintf_i.o)
                0x0000000008006f70                _printf_common
 *fill*         0x000000000800704a        0x2 
 .text._printf_i
                0x000000000800704c      0x24c c:/st/stm32cubeide_1.9.0/stm32cubeide/plugins/com.st.stm32cube.ide.mcu.externaltools.gnu-tools-for-stm32.10.3-2021.10.win32_1.0.0.202111181127/tools/bin/../lib/gcc/arm-none-eabi/10.3.1/../../../../arm-none-eabi/lib/thumb/v7e-m+fp/hard\libc_nano.a(lib_a-nano-vfprintf_i.o)
                0x000000000800704c                _printf_i
 .text.memmove  0x0000000008007298       0x34 c:/st/stm32cubeide_1.9.0/stm32cubeide/plugins/com.st.stm32cube.ide.mcu.externaltools.gnu-tools-for-stm32.10.3-2021.10.win32_1.0.0.202111181127/tools/bin/../lib/gcc/arm-none-eabi/10.3.1/../../../../arm-none-eabi/lib/thumb/v7e-m+fp/hard\libc_nano.a(lib_a-memmove.o)
                0x0000000008007298                memmove
 .text._free_r  0x00000000080072cc       0x98 c:/st/stm32cubeide_1.9.0/stm32cubeide/plugins/com.st.stm32cube.ide.mcu.externaltools.gnu-tools-for-stm32.10.3-2021.10.win32_1.0.0.202111181127/tools/bin/../lib/gcc/arm-none-eabi/10.3.1/../../../../arm-none-eabi/lib/thumb/v7e-m+fp/hard\libc_nano.a(lib_a-nano-freer.o)
                0x00000000080072cc                _free_r
 .text.sbrk_aligned
                0x0000000008007364       0x40 c:/st/stm32cubeide_1.9.0/stm32cubeide/plugins/com.st.stm32cube.ide.mcu.externaltools.gnu-tools-for-stm32.10.3-2021.10.win32_1.0.0.202111181127/tools/bin/../lib/gcc/arm-none-eabi/10.3.1/../../../../arm-none-eabi/lib/thumb/v7e-m+fp/hard\libc_nano.a(lib_a-nano-mallocr.o)
 .text._malloc_r
                0x00000000080073a4       0xe8 c:/st/stm32cubeide_1.9.0/stm32cubeide/plugins/com.st.stm32cube.ide.mcu.externaltools.gnu-tools-for-stm32.10.3-2021.10.win32_1.0.0.202111181127/tools/bin/../lib/gcc/arm-none-eabi/10.3.1/../../../../arm-none-eabi/lib/thumb/v7e-m+fp/hard\libc_nano.a(lib_a-nano-mallocr.o)
                0x00000000080073a4                _malloc_r
 .text._realloc_r
                0x000000000800748c       0x5e c:/st/stm32cubeide_1.9.0/stm32cubeide/plugins/com.st.stm32cube.ide.mcu.externaltools.gnu-tools-for-stm32.10.3-2021.10.win32_1.0.0.202111181127/tools/bin/../lib/gcc/arm-none-eabi/10.3.1/../../../../arm-none-eabi/lib/thumb/v7e-m+fp/hard\libc_nano.a(lib_a-nano-reallocr.o)
                0x000000000800748c                _realloc_r
 *fill*         0x00000000080074ea        0x2 
 .text._sbrk_r  0x00000000080074ec       0x20 c:/st/stm32cubeide_1.9.0/stm32cubeide/plugins/com.st.stm32cube.ide.mcu.externaltools.gnu-tools-for-stm32.10.3-2021.10.win32_1.0.0.202111181127/tools/bin/../lib/gcc/arm-none-eabi/10.3.1/../../../../arm-none-eabi/lib/thumb/v7e-m+fp/hard\libc_nano.a(lib_a-sbrkr.o)
                0x00000000080074ec                _sbrk_r
 .text.__malloc_lock
                0x000000000800750c        0xc c:/st/stm32cubeide_1.9.0/stm32cubeide/plugins/com.st.stm32cube.ide.mcu.externaltools.gnu-tools-for-stm32.10.3-2021.10.win32_1.0.0.202111181127/tools/bin/../lib/gcc/arm-none-eabi/10.3.1/../../../../arm-none-eabi/lib/thumb/v7e-m+fp/hard\libc_nano.a(lib_a-mlock.o)
                0x000000000800750c                __malloc_lock
 .text.__malloc_unlock
                0x0000000008007518        0xc c:/st/stm32cubeide_1.9.0/stm32cubeide/plugins/com.st.stm32cube.ide.mcu.externaltools.gnu-tools-for-stm32.10.3-2021.10.win32_1.0.0.202111181127/tools/bin/../lib/gcc/arm-none-eabi/10.3.1/../../../../arm-none-eabi/lib/thumb/v7e-m+fp/hard\libc_nano.a(lib_a-mlock.o)
                0x0000000008007518                __malloc_unlock
 .text._malloc_usable_size_r
                0x0000000008007524       0x10 c:/st/stm32cubeide_1.9.0/stm32cubeide/plugins/com.st.stm32cube.ide.mcu.externaltools.gnu-tools-for-stm32.10.3-2021.10.win32_1.0.0.202111181127/tools/bin/../lib/gcc/arm-none-eabi/10.3.1/../../../../arm-none-eabi/lib/thumb/v7e-m+fp/hard\libc_nano.a(lib_a-nano-msizer.o)
                0x0000000008007524                _malloc_usable_size_r
 .text.__retarget_lock_acquire_recursive
                0x0000000008007534        0x2 c:/st/stm32cubeide_1.9.0/stm32cubeide/plugins/com.st.stm32cube.ide.mcu.externaltools.gnu-tools-for-stm32.10.3-2021.10.win32_1.0.0.202111181127/tools/bin/../lib/gcc/arm-none-eabi/10.3.1/../../../../arm-none-eabi/lib/thumb/v7e-m+fp/hard\libc_nano.a(lib_a-lock.o)
                0x0000000008007534                __retarget_lock_acquire_recursive
 .text.__retarget_lock_release_recursive
                0x0000000008007536        0x2 c:/st/stm32cubeide_1.9.0/stm32cubeide/plugins/com.st.stm32cube.ide.mcu.externaltools.gnu-tools-for-stm32.10.3-2021.10.win32_1.0.0.202111181127/tools/bin/../lib/gcc/arm-none-eabi/10.3.1/../../../../arm-none-eabi/lib/thumb/v7e-m+fp/hard\libc_nano.a(lib_a-lock.o)
                0x0000000008007536                __retarget_lock_release_recursive
 *(.glue_7)
 .glue_7        0x0000000008007538        0x0 linker stubs
 *(.glue_7t)
 .glue_7t       0x0000000008007538        0x0 linker stubs
 *(.eh_frame)
 .eh_frame      0x0000000008007538        0x0 c:/st/stm32cubeide_1.9.0/stm32cubeide/plugins/com.st.stm32cube.ide.mcu.externaltools.gnu-tools-for-stm32.10.3-2021.10.win32_1.0.0.202111181127/tools/bin/../lib/gcc/arm-none-eabi/10.3.1/thumb/v7e-m+fp/hard/crtbegin.o
 *(.init)
 .init          0x0000000008007538        0x4 c:/st/stm32cubeide_1.9.0/stm32cubeide/plugins/com.st.stm32cube.ide.mcu.externaltools.gnu-tools-for-stm32.10.3-2021.10.win32_1.0.0.202111181127/tools/bin/../lib/gcc/arm-none-eabi/10.3.1/thumb/v7e-m+fp/hard/crti.o
                0x0000000008007538                _init
 .init          0x000000000800753c        0x8 c:/st/stm32cubeide_1.9.0/stm32cubeide/plugins/com.st.stm32cube.ide.mcu.externaltools.gnu-tools-for-stm32.10.3-2021.10.win32_1.0.0.202111181127/tools/bin/../lib/gcc/arm-none-eabi/10.3.1/thumb/v7e-m+fp/hard/crtn.o
 *(.fini)
 .fini          0x0000000008007544        0x4 c:/st/stm32cubeide_1.9.0/stm32cubeide/plugins/com.st.stm32cube.ide.mcu.externaltools.gnu-tools-for-stm32.10.3-2021.10.win32_1.0.0.202111181127/tools/bin/../lib/gcc/arm-none-eabi/10.3.1/thumb/v7e-m+fp/hard/crti.o
                0x0000000008007544                _fini
 .fini          0x0000000008007548        0x8 c:/st/stm32cubeide_1.9.0/stm32cubeide/plugins/com.st.stm32cube.ide.mcu.externaltools.gnu-tools-for-stm32.10.3-2021.10.win32_1.0.0.202111181127/tools/bin/../lib/gcc/arm-none-eabi/10.3.1/thumb/v7e-m+fp/hard/crtn.o
                0x0000000008007550                . = ALIGN (0x4)
                0x0000000008007550                _etext = .

.vfp11_veneer   0x0000000008007550        0x0
 .vfp11_veneer  0x0000000008007550        0x0 linker stubs

.v4_bx          0x0000000008007550        0x0
 .v4_bx         0x0000000008007550        0x0 linker stubs

.iplt           0x0000000008007550        0x0
 .iplt          0x0000000008007550        0x0 c:/st/stm32cubeide_1.9.0/stm32cubeide/plugins/com.st.stm32cube.ide.mcu.externaltools.gnu-tools-for-stm32.10.3-2021.10.win32_1.0.0.202111181127/tools/bin/../lib/gcc/arm-none-eabi/10.3.1/thumb/v7e-m+fp/hard/crtbegin.o

.rodata         0x0000000008007550      0x214
                0x0000000008007550                . = ALIGN (0x4)
 *(.rodata)
 .rodata        0x0000000008007550       0xff ./Core/Src/ESPDataLogger.o
 *fill*         0x000000000800764f        0x1 
 .rodata        0x0000000008007650       0xbe ./Core/Src/main.o
 *fill*         0x000000000800770e        0x2 
 .rodata        0x0000000008007710        0x5 ./Middlewares/Third_Party/FreeRTOS/Source/tasks.o
 *(.rodata*)
 *fill*         0x0000000008007715        0x3 
 .rodata.AHBPrescTable
                0x0000000008007718       0x10 ./Core/Src/system_stm32f4xx.o
                0x0000000008007718                AHBPrescTable
 .rodata.APBPrescTable
                0x0000000008007728        0x8 ./Core/Src/system_stm32f4xx.o
                0x0000000008007728                APBPrescTable
 .rodata._svfprintf_r.str1.1
                0x0000000008007730       0x11 c:/st/stm32cubeide_1.9.0/stm32cubeide/plugins/com.st.stm32cube.ide.mcu.externaltools.gnu-tools-for-stm32.10.3-2021.10.win32_1.0.0.202111181127/tools/bin/../lib/gcc/arm-none-eabi/10.3.1/../../../../arm-none-eabi/lib/thumb/v7e-m+fp/hard\libc_nano.a(lib_a-nano-svfprintf.o)
 .rodata._printf_i.str1.1
                0x0000000008007741       0x22 c:/st/stm32cubeide_1.9.0/stm32cubeide/plugins/com.st.stm32cube.ide.mcu.externaltools.gnu-tools-for-stm32.10.3-2021.10.win32_1.0.0.202111181127/tools/bin/../lib/gcc/arm-none-eabi/10.3.1/../../../../arm-none-eabi/lib/thumb/v7e-m+fp/hard\libc_nano.a(lib_a-nano-vfprintf_i.o)
                0x0000000008007764                . = ALIGN (0x4)
 *fill*         0x0000000008007763        0x1 

.ARM.extab      0x0000000008007764        0x0
                0x0000000008007764                . = ALIGN (0x4)
 *(.ARM.extab* .gnu.linkonce.armextab.*)
                0x0000000008007764                . = ALIGN (0x4)

.ARM            0x0000000008007764        0x8
                0x0000000008007764                . = ALIGN (0x4)
                0x0000000008007764                __exidx_start = .
 *(.ARM.exidx*)
 .ARM.exidx     0x0000000008007764        0x8 c:/st/stm32cubeide_1.9.0/stm32cubeide/plugins/com.st.stm32cube.ide.mcu.externaltools.gnu-tools-for-stm32.10.3-2021.10.win32_1.0.0.202111181127/tools/bin/../lib/gcc/arm-none-eabi/10.3.1/thumb/v7e-m+fp/hard\libgcc.a(_udivmoddi4.o)
                0x000000000800776c                __exidx_end = .
                0x000000000800776c                . = ALIGN (0x4)

.rel.dyn        0x000000000800776c        0x0
 .rel.iplt      0x000000000800776c        0x0 c:/st/stm32cubeide_1.9.0/stm32cubeide/plugins/com.st.stm32cube.ide.mcu.externaltools.gnu-tools-for-stm32.10.3-2021.10.win32_1.0.0.202111181127/tools/bin/../lib/gcc/arm-none-eabi/10.3.1/thumb/v7e-m+fp/hard/crtbegin.o

.preinit_array  0x000000000800776c        0x0
                0x000000000800776c                . = ALIGN (0x4)
                0x000000000800776c                PROVIDE (__preinit_array_start = .)
 *(.preinit_array*)
                0x000000000800776c                PROVIDE (__preinit_array_end = .)
                0x000000000800776c                . = ALIGN (0x4)

.init_array     0x000000000800776c        0x4
                0x000000000800776c                . = ALIGN (0x4)
                0x000000000800776c                PROVIDE (__init_array_start = .)
 *(SORT_BY_NAME(.init_array.*))
 *(.init_array*)
 .init_array    0x000000000800776c        0x4 c:/st/stm32cubeide_1.9.0/stm32cubeide/plugins/com.st.stm32cube.ide.mcu.externaltools.gnu-tools-for-stm32.10.3-2021.10.win32_1.0.0.202111181127/tools/bin/../lib/gcc/arm-none-eabi/10.3.1/thumb/v7e-m+fp/hard/crtbegin.o
                0x0000000008007770                PROVIDE (__init_array_end = .)
                0x0000000008007770                . = ALIGN (0x4)

.fini_array     0x0000000008007770        0x4
                0x0000000008007770                . = ALIGN (0x4)
                [!provide]                        PROVIDE (__fini_array_start = .)
 *(SORT_BY_NAME(.fini_array.*))
 *(.fini_array*)
 .fini_array    0x0000000008007770        0x4 c:/st/stm32cubeide_1.9.0/stm32cubeide/plugins/com.st.stm32cube.ide.mcu.externaltools.gnu-tools-for-stm32.10.3-2021.10.win32_1.0.0.202111181127/tools/bin/../lib/gcc/arm-none-eabi/10.3.1/thumb/v7e-m+fp/hard/crtbegin.o
                [!provide]                        PROVIDE (__fini_array_end = .)
                0x0000000008007774                . = ALIGN (0x4)
                0x0000000008007774                _sidata = LOADADDR (.data)

.data           0x0000000020000000       0x74 load address 0x0000000008007774
                0x0000000020000000                . = ALIGN (0x4)
                0x0000000020000000                _sdata = .
 *(.data)
 *(.data*)
 .data.SystemCoreClock
                0x0000000020000000        0x4 ./Core/Src/system_stm32f4xx.o
                0x0000000020000000                SystemCoreClock
 .data.uwTickPrio
                0x0000000020000004        0x4 ./Drivers/STM32F4xx_HAL_Driver/Src/stm32f4xx_hal.o
                0x0000000020000004                uwTickPrio
 .data.uwTickFreq
                0x0000000020000008        0x1 ./Drivers/STM32F4xx_HAL_Driver/Src/stm32f4xx_hal.o
                0x0000000020000008                uwTickFreq
 *fill*         0x0000000020000009        0x3 
 .data.uxCriticalNesting
                0x000000002000000c        0x4 ./Middlewares/Third_Party/FreeRTOS/Source/portable/GCC/ARM_CM4F/port.o
 .data._impure_ptr
                0x0000000020000010        0x4 c:/st/stm32cubeide_1.9.0/stm32cubeide/plugins/com.st.stm32cube.ide.mcu.externaltools.gnu-tools-for-stm32.10.3-2021.10.win32_1.0.0.202111181127/tools/bin/../lib/gcc/arm-none-eabi/10.3.1/../../../../arm-none-eabi/lib/thumb/v7e-m+fp/hard\libc_nano.a(lib_a-impure.o)
                0x0000000020000010                _impure_ptr
 .data.impure_data
                0x0000000020000014       0x60 c:/st/stm32cubeide_1.9.0/stm32cubeide/plugins/com.st.stm32cube.ide.mcu.externaltools.gnu-tools-for-stm32.10.3-2021.10.win32_1.0.0.202111181127/tools/bin/../lib/gcc/arm-none-eabi/10.3.1/../../../../arm-none-eabi/lib/thumb/v7e-m+fp/hard\libc_nano.a(lib_a-impure.o)
 *(.RamFunc)
 *(.RamFunc*)
                0x0000000020000074                . = ALIGN (0x4)
                0x0000000020000074                _edata = .

.igot.plt       0x0000000020000074        0x0 load address 0x00000000080077e8
 .igot.plt      0x0000000020000074        0x0 c:/st/stm32cubeide_1.9.0/stm32cubeide/plugins/com.st.stm32cube.ide.mcu.externaltools.gnu-tools-for-stm32.10.3-2021.10.win32_1.0.0.202111181127/tools/bin/../lib/gcc/arm-none-eabi/10.3.1/thumb/v7e-m+fp/hard/crtbegin.o
                0x0000000020000074                . = ALIGN (0x4)

.bss            0x0000000020000074     0x4260 load address 0x00000000080077e8
                0x0000000020000074                _sbss = .
                0x0000000020000074                __bss_start__ = _sbss
 *(.bss)
 .bss           0x0000000020000074       0x1c c:/st/stm32cubeide_1.9.0/stm32cubeide/plugins/com.st.stm32cube.ide.mcu.externaltools.gnu-tools-for-stm32.10.3-2021.10.win32_1.0.0.202111181127/tools/bin/../lib/gcc/arm-none-eabi/10.3.1/thumb/v7e-m+fp/hard/crtbegin.o
 *(.bss*)
 .bss.rx_buffer
                0x0000000020000090       0x48 ./Core/Src/UartRingbuffer.o
                0x0000000020000090                rx_buffer
 .bss.tx_buffer
                0x00000000200000d8       0x48 ./Core/Src/UartRingbuffer.o
                0x00000000200000d8                tx_buffer
 .bss._rx_buffer
                0x0000000020000120        0x4 ./Core/Src/UartRingbuffer.o
                0x0000000020000120                _rx_buffer
 .bss._tx_buffer
                0x0000000020000124        0x4 ./Core/Src/UartRingbuffer.o
                0x0000000020000124                _tx_buffer
 .bss.xIdleTaskTCBBuffer
                0x0000000020000128       0x54 ./Core/Src/freertos.o
 .bss.xIdleStack
                0x000000002000017c      0x200 ./Core/Src/freertos.o
 .bss.htim1     0x000000002000037c       0x48 ./Core/Src/main.o
                0x000000002000037c                htim1
 .bss.hadc1     0x00000000200003c4       0x48 ./Core/Src/main.o
                0x00000000200003c4                hadc1
 .bss.hadc2     0x000000002000040c       0x48 ./Core/Src/main.o
                0x000000002000040c                hadc2
 .bss.htim2     0x0000000020000454       0x48 ./Core/Src/main.o
                0x0000000020000454                htim2
 .bss.huart1    0x000000002000049c       0x44 ./Core/Src/main.o
                0x000000002000049c                huart1
 .bss.defaultTaskHandle
                0x00000000200004e0        0x4 ./Core/Src/main.o
                0x00000000200004e0                defaultTaskHandle
 .bss.Task2Handle
                0x00000000200004e4        0x4 ./Core/Src/main.o
                0x00000000200004e4                Task2Handle
 .bss.Task3Handle
                0x00000000200004e8        0x4 ./Core/Src/main.o
                0x00000000200004e8                Task3Handle
 .bss.Task4Handle
                0x00000000200004ec        0x4 ./Core/Src/main.o
                0x00000000200004ec                Task4Handle
 .bss.RH1       0x00000000200004f0        0x1 ./Core/Src/main.o
                0x00000000200004f0                RH1
 .bss.RH2       0x00000000200004f1        0x1 ./Core/Src/main.o
                0x00000000200004f1                RH2
 .bss.TC1       0x00000000200004f2        0x1 ./Core/Src/main.o
                0x00000000200004f2                TC1
 .bss.TC2       0x00000000200004f3        0x1 ./Core/Src/main.o
                0x00000000200004f3                TC2
 .bss.SUM       0x00000000200004f4        0x1 ./Core/Src/main.o
                0x00000000200004f4                SUM
 .bss.CHECK     0x00000000200004f5        0x1 ./Core/Src/main.o
                0x00000000200004f5                CHECK
 *fill*         0x00000000200004f6        0x2 
 .bss.pMillis   0x00000000200004f8        0x4 ./Core/Src/main.o
                0x00000000200004f8                pMillis
 .bss.cMillis   0x00000000200004fc        0x4 ./Core/Src/main.o
                0x00000000200004fc                cMillis
 .bss.tCelsius  0x0000000020000500        0x4 ./Core/Src/main.o
                0x0000000020000500                tCelsius
 .bss.tFahrenheit
                0x0000000020000504        0x4 ./Core/Src/main.o
                0x0000000020000504                tFahrenheit
 .bss.RH        0x0000000020000508        0x4 ./Core/Src/main.o
                0x0000000020000508                RH
 .bss.AD_RES    0x000000002000050c        0x2 ./Core/Src/main.o
                0x000000002000050c                AD_RES
 .bss.Vamb      0x000000002000050e        0x2 ./Core/Src/main.o
                0x000000002000050e                Vamb
 .bss.DC_Multiplier
                0x0000000020000510        0x2 ./Core/Src/main.o
                0x0000000020000510                DC_Multiplier
 .bss.ADC_Value
                0x0000000020000512        0x2 ./Core/Src/main.o
                0x0000000020000512                ADC_Value
 .bss.waterLevel
                0x0000000020000514        0x2 ./Core/Src/main.o
                0x0000000020000514                waterLevel
 *fill*         0x0000000020000516        0x2 
 .bss.value_buf
                0x0000000020000518        0x8 ./Core/Src/main.o
                0x0000000020000518                value_buf
 .bss.htim3     0x0000000020000520       0x48 ./Core/Src/stm32f4xx_hal_timebase_tim.o
                0x0000000020000520                htim3
 .bss.__sbrk_heap_end
                0x0000000020000568        0x4 ./Core/Src/sysmem.o
 .bss.uwTick    0x000000002000056c        0x4 ./Drivers/STM32F4xx_HAL_Driver/Src/stm32f4xx_hal.o
                0x000000002000056c                uwTick
 .bss.pxCurrentTCB
                0x0000000020000570        0x4 ./Middlewares/Third_Party/FreeRTOS/Source/tasks.o
                0x0000000020000570                pxCurrentTCB
 .bss.pxReadyTasksLists
                0x0000000020000574       0x8c ./Middlewares/Third_Party/FreeRTOS/Source/tasks.o
 .bss.xDelayedTaskList1
                0x0000000020000600       0x14 ./Middlewares/Third_Party/FreeRTOS/Source/tasks.o
 .bss.xDelayedTaskList2
                0x0000000020000614       0x14 ./Middlewares/Third_Party/FreeRTOS/Source/tasks.o
 .bss.pxDelayedTaskList
                0x0000000020000628        0x4 ./Middlewares/Third_Party/FreeRTOS/Source/tasks.o
 .bss.pxOverflowDelayedTaskList
                0x000000002000062c        0x4 ./Middlewares/Third_Party/FreeRTOS/Source/tasks.o
 .bss.xPendingReadyList
                0x0000000020000630       0x14 ./Middlewares/Third_Party/FreeRTOS/Source/tasks.o
 .bss.xTasksWaitingTermination
                0x0000000020000644       0x14 ./Middlewares/Third_Party/FreeRTOS/Source/tasks.o
 .bss.uxDeletedTasksWaitingCleanUp
                0x0000000020000658        0x4 ./Middlewares/Third_Party/FreeRTOS/Source/tasks.o
 .bss.xSuspendedTaskList
                0x000000002000065c       0x14 ./Middlewares/Third_Party/FreeRTOS/Source/tasks.o
 .bss.uxCurrentNumberOfTasks
                0x0000000020000670        0x4 ./Middlewares/Third_Party/FreeRTOS/Source/tasks.o
 .bss.xTickCount
                0x0000000020000674        0x4 ./Middlewares/Third_Party/FreeRTOS/Source/tasks.o
 .bss.uxTopReadyPriority
                0x0000000020000678        0x4 ./Middlewares/Third_Party/FreeRTOS/Source/tasks.o
 .bss.xSchedulerRunning
                0x000000002000067c        0x4 ./Middlewares/Third_Party/FreeRTOS/Source/tasks.o
 .bss.xPendedTicks
                0x0000000020000680        0x4 ./Middlewares/Third_Party/FreeRTOS/Source/tasks.o
 .bss.xYieldPending
                0x0000000020000684        0x4 ./Middlewares/Third_Party/FreeRTOS/Source/tasks.o
 .bss.xNumOfOverflows
                0x0000000020000688        0x4 ./Middlewares/Third_Party/FreeRTOS/Source/tasks.o
 .bss.uxTaskNumber
                0x000000002000068c        0x4 ./Middlewares/Third_Party/FreeRTOS/Source/tasks.o
 .bss.xNextTaskUnblockTime
                0x0000000020000690        0x4 ./Middlewares/Third_Party/FreeRTOS/Source/tasks.o
 .bss.xIdleTaskHandle
                0x0000000020000694        0x4 ./Middlewares/Third_Party/FreeRTOS/Source/tasks.o
 .bss.uxSchedulerSuspended
                0x0000000020000698        0x4 ./Middlewares/Third_Party/FreeRTOS/Source/tasks.o
 .bss.ucMaxSysCallPriority
                0x000000002000069c        0x1 ./Middlewares/Third_Party/FreeRTOS/Source/portable/GCC/ARM_CM4F/port.o
 *fill*         0x000000002000069d        0x3 
 .bss.ulMaxPRIGROUPValue
                0x00000000200006a0        0x4 ./Middlewares/Third_Party/FreeRTOS/Source/portable/GCC/ARM_CM4F/port.o
 .bss.ucHeap    0x00000000200006a4     0x3c00 ./Middlewares/Third_Party/FreeRTOS/Source/portable/MemMang/heap_4.o
 .bss.xStart    0x00000000200042a4        0x8 ./Middlewares/Third_Party/FreeRTOS/Source/portable/MemMang/heap_4.o
 .bss.pxEnd     0x00000000200042ac        0x4 ./Middlewares/Third_Party/FreeRTOS/Source/portable/MemMang/heap_4.o
 .bss.xFreeBytesRemaining
                0x00000000200042b0        0x4 ./Middlewares/Third_Party/FreeRTOS/Source/portable/MemMang/heap_4.o
 .bss.xMinimumEverFreeBytesRemaining
                0x00000000200042b4        0x4 ./Middlewares/Third_Party/FreeRTOS/Source/portable/MemMang/heap_4.o
 .bss.xNumberOfSuccessfulAllocations
                0x00000000200042b8        0x4 ./Middlewares/Third_Party/FreeRTOS/Source/portable/MemMang/heap_4.o
 .bss.xNumberOfSuccessfulFrees
                0x00000000200042bc        0x4 ./Middlewares/Third_Party/FreeRTOS/Source/portable/MemMang/heap_4.o
 .bss.xBlockAllocatedBit
                0x00000000200042c0        0x4 ./Middlewares/Third_Party/FreeRTOS/Source/portable/MemMang/heap_4.o
 .bss.__malloc_free_list
                0x00000000200042c4        0x4 c:/st/stm32cubeide_1.9.0/stm32cubeide/plugins/com.st.stm32cube.ide.mcu.externaltools.gnu-tools-for-stm32.10.3-2021.10.win32_1.0.0.202111181127/tools/bin/../lib/gcc/arm-none-eabi/10.3.1/../../../../arm-none-eabi/lib/thumb/v7e-m+fp/hard\libc_nano.a(lib_a-nano-mallocr.o)
                0x00000000200042c4                __malloc_free_list
 .bss.__malloc_sbrk_start
                0x00000000200042c8        0x4 c:/st/stm32cubeide_1.9.0/stm32cubeide/plugins/com.st.stm32cube.ide.mcu.externaltools.gnu-tools-for-stm32.10.3-2021.10.win32_1.0.0.202111181127/tools/bin/../lib/gcc/arm-none-eabi/10.3.1/../../../../arm-none-eabi/lib/thumb/v7e-m+fp/hard\libc_nano.a(lib_a-nano-mallocr.o)
                0x00000000200042c8                __malloc_sbrk_start
 .bss.errno     0x00000000200042cc        0x4 c:/st/stm32cubeide_1.9.0/stm32cubeide/plugins/com.st.stm32cube.ide.mcu.externaltools.gnu-tools-for-stm32.10.3-2021.10.win32_1.0.0.202111181127/tools/bin/../lib/gcc/arm-none-eabi/10.3.1/../../../../arm-none-eabi/lib/thumb/v7e-m+fp/hard\libc_nano.a(lib_a-reent.o)
                0x00000000200042cc                errno
 .bss.__lock___malloc_recursive_mutex
                0x00000000200042d0        0x1 c:/st/stm32cubeide_1.9.0/stm32cubeide/plugins/com.st.stm32cube.ide.mcu.externaltools.gnu-tools-for-stm32.10.3-2021.10.win32_1.0.0.202111181127/tools/bin/../lib/gcc/arm-none-eabi/10.3.1/../../../../arm-none-eabi/lib/thumb/v7e-m+fp/hard\libc_nano.a(lib_a-lock.o)
                0x00000000200042d0                __lock___malloc_recursive_mutex
 *(COMMON)
                0x00000000200042d4                . = ALIGN (0x4)
 *fill*         0x00000000200042d1        0x3 
                0x00000000200042d4                _ebss = .
                0x00000000200042d4                __bss_end__ = _ebss

._user_heap_stack
                0x00000000200042d4      0x604 load address 0x00000000080077e8
                0x00000000200042d8                . = ALIGN (0x8)
 *fill*         0x00000000200042d4        0x4 
                [!provide]                        PROVIDE (end = .)
                0x00000000200042d8                PROVIDE (_end = .)
                0x00000000200044d8                . = (. + _Min_Heap_Size)
 *fill*         0x00000000200042d8      0x200 
                0x00000000200048d8                . = (. + _Min_Stack_Size)
 *fill*         0x00000000200044d8      0x400 
                0x00000000200048d8                . = ALIGN (0x8)

/DISCARD/
 libc.a(*)
 libm.a(*)
 libgcc.a(*)

.ARM.attributes
                0x0000000000000000       0x30
 *(.ARM.attributes)
 .ARM.attributes
                0x0000000000000000       0x1e c:/st/stm32cubeide_1.9.0/stm32cubeide/plugins/com.st.stm32cube.ide.mcu.externaltools.gnu-tools-for-stm32.10.3-2021.10.win32_1.0.0.202111181127/tools/bin/../lib/gcc/arm-none-eabi/10.3.1/thumb/v7e-m+fp/hard/crti.o
 .ARM.attributes
                0x000000000000001e       0x34 c:/st/stm32cubeide_1.9.0/stm32cubeide/plugins/com.st.stm32cube.ide.mcu.externaltools.gnu-tools-for-stm32.10.3-2021.10.win32_1.0.0.202111181127/tools/bin/../lib/gcc/arm-none-eabi/10.3.1/thumb/v7e-m+fp/hard/crtbegin.o
 .ARM.attributes
                0x0000000000000052       0x34 ./Core/Src/ESPDataLogger.o
 .ARM.attributes
                0x0000000000000086       0x34 ./Core/Src/UartRingbuffer.o
 .ARM.attributes
                0x00000000000000ba       0x34 ./Core/Src/freertos.o
 .ARM.attributes
                0x00000000000000ee       0x34 ./Core/Src/main.o
 .ARM.attributes
                0x0000000000000122       0x34 ./Core/Src/stm32f4xx_hal_msp.o
 .ARM.attributes
                0x0000000000000156       0x34 ./Core/Src/stm32f4xx_hal_timebase_tim.o
 .ARM.attributes
                0x000000000000018a       0x34 ./Core/Src/stm32f4xx_it.o
 .ARM.attributes
                0x00000000000001be       0x34 ./Core/Src/sysmem.o
 .ARM.attributes
                0x00000000000001f2       0x34 ./Core/Src/system_stm32f4xx.o
 .ARM.attributes
                0x0000000000000226       0x21 ./Core/Startup/startup_stm32f446retx.o
 .ARM.attributes
                0x0000000000000247       0x34 ./Drivers/STM32F4xx_HAL_Driver/Src/stm32f4xx_hal.o
 .ARM.attributes
                0x000000000000027b       0x34 ./Drivers/STM32F4xx_HAL_Driver/Src/stm32f4xx_hal_adc.o
 .ARM.attributes
                0x00000000000002af       0x34 ./Drivers/STM32F4xx_HAL_Driver/Src/stm32f4xx_hal_cortex.o
 .ARM.attributes
                0x00000000000002e3       0x34 ./Drivers/STM32F4xx_HAL_Driver/Src/stm32f4xx_hal_dma.o
 .ARM.attributes
                0x0000000000000317       0x34 ./Drivers/STM32F4xx_HAL_Driver/Src/stm32f4xx_hal_gpio.o
 .ARM.attributes
                0x000000000000034b       0x34 ./Drivers/STM32F4xx_HAL_Driver/Src/stm32f4xx_hal_rcc.o
 .ARM.attributes
                0x000000000000037f       0x34 ./Drivers/STM32F4xx_HAL_Driver/Src/stm32f4xx_hal_rcc_ex.o
 .ARM.attributes
                0x00000000000003b3       0x34 ./Drivers/STM32F4xx_HAL_Driver/Src/stm32f4xx_hal_tim.o
 .ARM.attributes
                0x00000000000003e7       0x34 ./Drivers/STM32F4xx_HAL_Driver/Src/stm32f4xx_hal_tim_ex.o
 .ARM.attributes
                0x000000000000041b       0x34 ./Drivers/STM32F4xx_HAL_Driver/Src/stm32f4xx_hal_uart.o
 .ARM.attributes
                0x000000000000044f       0x34 ./Middlewares/Third_Party/FreeRTOS/Source/CMSIS_RTOS/cmsis_os.o
 .ARM.attributes
                0x0000000000000483       0x34 ./Middlewares/Third_Party/FreeRTOS/Source/list.o
 .ARM.attributes
                0x00000000000004b7       0x34 ./Middlewares/Third_Party/FreeRTOS/Source/tasks.o
 .ARM.attributes
                0x00000000000004eb       0x34 ./Middlewares/Third_Party/FreeRTOS/Source/portable/GCC/ARM_CM4F/port.o
 .ARM.attributes
                0x000000000000051f       0x34 ./Middlewares/Third_Party/FreeRTOS/Source/portable/MemMang/heap_4.o
 .ARM.attributes
                0x0000000000000553       0x34 c:/st/stm32cubeide_1.9.0/stm32cubeide/plugins/com.st.stm32cube.ide.mcu.externaltools.gnu-tools-for-stm32.10.3-2021.10.win32_1.0.0.202111181127/tools/bin/../lib/gcc/arm-none-eabi/10.3.1/../../../../arm-none-eabi/lib/thumb/v7e-m+fp/hard\libc_nano.a(lib_a-errno.o)
 .ARM.attributes
                0x0000000000000587       0x34 c:/st/stm32cubeide_1.9.0/stm32cubeide/plugins/com.st.stm32cube.ide.mcu.externaltools.gnu-tools-for-stm32.10.3-2021.10.win32_1.0.0.202111181127/tools/bin/../lib/gcc/arm-none-eabi/10.3.1/../../../../arm-none-eabi/lib/thumb/v7e-m+fp/hard\libc_nano.a(lib_a-impure.o)
 .ARM.attributes
                0x00000000000005bb       0x34 c:/st/stm32cubeide_1.9.0/stm32cubeide/plugins/com.st.stm32cube.ide.mcu.externaltools.gnu-tools-for-stm32.10.3-2021.10.win32_1.0.0.202111181127/tools/bin/../lib/gcc/arm-none-eabi/10.3.1/../../../../arm-none-eabi/lib/thumb/v7e-m+fp/hard\libc_nano.a(lib_a-init.o)
 .ARM.attributes
                0x00000000000005ef       0x34 c:/st/stm32cubeide_1.9.0/stm32cubeide/plugins/com.st.stm32cube.ide.mcu.externaltools.gnu-tools-for-stm32.10.3-2021.10.win32_1.0.0.202111181127/tools/bin/../lib/gcc/arm-none-eabi/10.3.1/../../../../arm-none-eabi/lib/thumb/v7e-m+fp/hard\libc_nano.a(lib_a-memcpy-stub.o)
 .ARM.attributes
                0x0000000000000623       0x34 c:/st/stm32cubeide_1.9.0/stm32cubeide/plugins/com.st.stm32cube.ide.mcu.externaltools.gnu-tools-for-stm32.10.3-2021.10.win32_1.0.0.202111181127/tools/bin/../lib/gcc/arm-none-eabi/10.3.1/../../../../arm-none-eabi/lib/thumb/v7e-m+fp/hard\libc_nano.a(lib_a-memset.o)
 .ARM.attributes
                0x0000000000000657       0x34 c:/st/stm32cubeide_1.9.0/stm32cubeide/plugins/com.st.stm32cube.ide.mcu.externaltools.gnu-tools-for-stm32.10.3-2021.10.win32_1.0.0.202111181127/tools/bin/../lib/gcc/arm-none-eabi/10.3.1/../../../../arm-none-eabi/lib/thumb/v7e-m+fp/hard\libc_nano.a(lib_a-sprintf.o)
 .ARM.attributes
                0x000000000000068b       0x34 c:/st/stm32cubeide_1.9.0/stm32cubeide/plugins/com.st.stm32cube.ide.mcu.externaltools.gnu-tools-for-stm32.10.3-2021.10.win32_1.0.0.202111181127/tools/bin/../lib/gcc/arm-none-eabi/10.3.1/../../../../arm-none-eabi/lib/thumb/v7e-m+fp/hard\libc_nano.a(lib_a-strcat.o)
 .ARM.attributes
                0x00000000000006bf       0x17 c:/st/stm32cubeide_1.9.0/stm32cubeide/plugins/com.st.stm32cube.ide.mcu.externaltools.gnu-tools-for-stm32.10.3-2021.10.win32_1.0.0.202111181127/tools/bin/../lib/gcc/arm-none-eabi/10.3.1/../../../../arm-none-eabi/lib/thumb/v7e-m+fp/hard\libc_nano.a(lib_a-strlen.o)
 .ARM.attributes
                0x00000000000006d6       0x34 c:/st/stm32cubeide_1.9.0/stm32cubeide/plugins/com.st.stm32cube.ide.mcu.externaltools.gnu-tools-for-stm32.10.3-2021.10.win32_1.0.0.202111181127/tools/bin/../lib/gcc/arm-none-eabi/10.3.1/../../../../arm-none-eabi/lib/thumb/v7e-m+fp/hard\libc_nano.a(lib_a-nano-svfprintf.o)
 .ARM.attributes
                0x000000000000070a       0x34 c:/st/stm32cubeide_1.9.0/stm32cubeide/plugins/com.st.stm32cube.ide.mcu.externaltools.gnu-tools-for-stm32.10.3-2021.10.win32_1.0.0.202111181127/tools/bin/../lib/gcc/arm-none-eabi/10.3.1/../../../../arm-none-eabi/lib/thumb/v7e-m+fp/hard\libc_nano.a(lib_a-nano-vfprintf_i.o)
 .ARM.attributes
                0x000000000000073e       0x1c c:/st/stm32cubeide_1.9.0/stm32cubeide/plugins/com.st.stm32cube.ide.mcu.externaltools.gnu-tools-for-stm32.10.3-2021.10.win32_1.0.0.202111181127/tools/bin/../lib/gcc/arm-none-eabi/10.3.1/../../../../arm-none-eabi/lib/thumb/v7e-m+fp/hard\libc_nano.a(lib_a-memchr.o)
 .ARM.attributes
                0x000000000000075a       0x34 c:/st/stm32cubeide_1.9.0/stm32cubeide/plugins/com.st.stm32cube.ide.mcu.externaltools.gnu-tools-for-stm32.10.3-2021.10.win32_1.0.0.202111181127/tools/bin/../lib/gcc/arm-none-eabi/10.3.1/../../../../arm-none-eabi/lib/thumb/v7e-m+fp/hard\libc_nano.a(lib_a-memmove.o)
 .ARM.attributes
                0x000000000000078e       0x34 c:/st/stm32cubeide_1.9.0/stm32cubeide/plugins/com.st.stm32cube.ide.mcu.externaltools.gnu-tools-for-stm32.10.3-2021.10.win32_1.0.0.202111181127/tools/bin/../lib/gcc/arm-none-eabi/10.3.1/../../../../arm-none-eabi/lib/thumb/v7e-m+fp/hard\libc_nano.a(lib_a-nano-freer.o)
 .ARM.attributes
                0x00000000000007c2       0x34 c:/st/stm32cubeide_1.9.0/stm32cubeide/plugins/com.st.stm32cube.ide.mcu.externaltools.gnu-tools-for-stm32.10.3-2021.10.win32_1.0.0.202111181127/tools/bin/../lib/gcc/arm-none-eabi/10.3.1/../../../../arm-none-eabi/lib/thumb/v7e-m+fp/hard\libc_nano.a(lib_a-nano-mallocr.o)
 .ARM.attributes
                0x00000000000007f6       0x34 c:/st/stm32cubeide_1.9.0/stm32cubeide/plugins/com.st.stm32cube.ide.mcu.externaltools.gnu-tools-for-stm32.10.3-2021.10.win32_1.0.0.202111181127/tools/bin/../lib/gcc/arm-none-eabi/10.3.1/../../../../arm-none-eabi/lib/thumb/v7e-m+fp/hard\libc_nano.a(lib_a-nano-reallocr.o)
 .ARM.attributes
                0x000000000000082a       0x34 c:/st/stm32cubeide_1.9.0/stm32cubeide/plugins/com.st.stm32cube.ide.mcu.externaltools.gnu-tools-for-stm32.10.3-2021.10.win32_1.0.0.202111181127/tools/bin/../lib/gcc/arm-none-eabi/10.3.1/../../../../arm-none-eabi/lib/thumb/v7e-m+fp/hard\libc_nano.a(lib_a-sbrkr.o)
 .ARM.attributes
                0x000000000000085e       0x34 c:/st/stm32cubeide_1.9.0/stm32cubeide/plugins/com.st.stm32cube.ide.mcu.externaltools.gnu-tools-for-stm32.10.3-2021.10.win32_1.0.0.202111181127/tools/bin/../lib/gcc/arm-none-eabi/10.3.1/../../../../arm-none-eabi/lib/thumb/v7e-m+fp/hard\libc_nano.a(lib_a-mlock.o)
 .ARM.attributes
                0x0000000000000892       0x34 c:/st/stm32cubeide_1.9.0/stm32cubeide/plugins/com.st.stm32cube.ide.mcu.externaltools.gnu-tools-for-stm32.10.3-2021.10.win32_1.0.0.202111181127/tools/bin/../lib/gcc/arm-none-eabi/10.3.1/../../../../arm-none-eabi/lib/thumb/v7e-m+fp/hard\libc_nano.a(lib_a-nano-msizer.o)
 .ARM.attributes
                0x00000000000008c6       0x34 c:/st/stm32cubeide_1.9.0/stm32cubeide/plugins/com.st.stm32cube.ide.mcu.externaltools.gnu-tools-for-stm32.10.3-2021.10.win32_1.0.0.202111181127/tools/bin/../lib/gcc/arm-none-eabi/10.3.1/../../../../arm-none-eabi/lib/thumb/v7e-m+fp/hard\libc_nano.a(lib_a-reent.o)
 .ARM.attributes
                0x00000000000008fa       0x34 c:/st/stm32cubeide_1.9.0/stm32cubeide/plugins/com.st.stm32cube.ide.mcu.externaltools.gnu-tools-for-stm32.10.3-2021.10.win32_1.0.0.202111181127/tools/bin/../lib/gcc/arm-none-eabi/10.3.1/../../../../arm-none-eabi/lib/thumb/v7e-m+fp/hard\libc_nano.a(lib_a-lock.o)
 .ARM.attributes
                0x000000000000092e       0x1e c:/st/stm32cubeide_1.9.0/stm32cubeide/plugins/com.st.stm32cube.ide.mcu.externaltools.gnu-tools-for-stm32.10.3-2021.10.win32_1.0.0.202111181127/tools/bin/../lib/gcc/arm-none-eabi/10.3.1/thumb/v7e-m+fp/hard\libgcc.a(_aeabi_uldivmod.o)
 .ARM.attributes
                0x000000000000094c       0x34 c:/st/stm32cubeide_1.9.0/stm32cubeide/plugins/com.st.stm32cube.ide.mcu.externaltools.gnu-tools-for-stm32.10.3-2021.10.win32_1.0.0.202111181127/tools/bin/../lib/gcc/arm-none-eabi/10.3.1/thumb/v7e-m+fp/hard\libgcc.a(_udivmoddi4.o)
 .ARM.attributes
                0x0000000000000980       0x1e c:/st/stm32cubeide_1.9.0/stm32cubeide/plugins/com.st.stm32cube.ide.mcu.externaltools.gnu-tools-for-stm32.10.3-2021.10.win32_1.0.0.202111181127/tools/bin/../lib/gcc/arm-none-eabi/10.3.1/thumb/v7e-m+fp/hard\libgcc.a(_dvmd_tls.o)
 .ARM.attributes
                0x000000000000099e       0x1e c:/st/stm32cubeide_1.9.0/stm32cubeide/plugins/com.st.stm32cube.ide.mcu.externaltools.gnu-tools-for-stm32.10.3-2021.10.win32_1.0.0.202111181127/tools/bin/../lib/gcc/arm-none-eabi/10.3.1/thumb/v7e-m+fp/hard/crtn.o
OUTPUT(testingThingspeak.elf elf32-littlearm)
LOAD linker stubs
LOAD c:/st/stm32cubeide_1.9.0/stm32cubeide/plugins/com.st.stm32cube.ide.mcu.externaltools.gnu-tools-for-stm32.10.3-2021.10.win32_1.0.0.202111181127/tools/bin/../lib/gcc/arm-none-eabi/10.3.1/../../../../arm-none-eabi/lib/thumb/v7e-m+fp/hard\libc.a
LOAD c:/st/stm32cubeide_1.9.0/stm32cubeide/plugins/com.st.stm32cube.ide.mcu.externaltools.gnu-tools-for-stm32.10.3-2021.10.win32_1.0.0.202111181127/tools/bin/../lib/gcc/arm-none-eabi/10.3.1/../../../../arm-none-eabi/lib/thumb/v7e-m+fp/hard\libm.a
LOAD c:/st/stm32cubeide_1.9.0/stm32cubeide/plugins/com.st.stm32cube.ide.mcu.externaltools.gnu-tools-for-stm32.10.3-2021.10.win32_1.0.0.202111181127/tools/bin/../lib/gcc/arm-none-eabi/10.3.1/thumb/v7e-m+fp/hard\libgcc.a

.debug_info     0x0000000000000000    0x16297
 .debug_info    0x0000000000000000      0x35b ./Core/Src/ESPDataLogger.o
 .debug_info    0x000000000000035b      0xa51 ./Core/Src/UartRingbuffer.o
 .debug_info    0x0000000000000dac      0x294 ./Core/Src/freertos.o
 .debug_info    0x0000000000001040     0x1ce2 ./Core/Src/main.o
 .debug_info    0x0000000000002d22     0x13db ./Core/Src/stm32f4xx_hal_msp.o
 .debug_info    0x00000000000040fd      0xc77 ./Core/Src/stm32f4xx_hal_timebase_tim.o
 .debug_info    0x0000000000004d74      0x9b4 ./Core/Src/stm32f4xx_it.o
 .debug_info    0x0000000000005728      0x171 ./Core/Src/sysmem.o
 .debug_info    0x0000000000005899      0x55b ./Core/Src/system_stm32f4xx.o
 .debug_info    0x0000000000005df4       0x22 ./Core/Startup/startup_stm32f446retx.o
 .debug_info    0x0000000000005e16      0x9d2 ./Drivers/STM32F4xx_HAL_Driver/Src/stm32f4xx_hal.o
 .debug_info    0x00000000000067e8      0xd70 ./Drivers/STM32F4xx_HAL_Driver/Src/stm32f4xx_hal_adc.o
 .debug_info    0x0000000000007558      0xe39 ./Drivers/STM32F4xx_HAL_Driver/Src/stm32f4xx_hal_cortex.o
 .debug_info    0x0000000000008391      0x94f ./Drivers/STM32F4xx_HAL_Driver/Src/stm32f4xx_hal_dma.o
 .debug_info    0x0000000000008ce0      0x7be ./Drivers/STM32F4xx_HAL_Driver/Src/stm32f4xx_hal_gpio.o
 .debug_info    0x000000000000949e      0x9ab ./Drivers/STM32F4xx_HAL_Driver/Src/stm32f4xx_hal_rcc.o
 .debug_info    0x0000000000009e49      0x9ec ./Drivers/STM32F4xx_HAL_Driver/Src/stm32f4xx_hal_rcc_ex.o
 .debug_info    0x000000000000a835     0x2bbe ./Drivers/STM32F4xx_HAL_Driver/Src/stm32f4xx_hal_tim.o
 .debug_info    0x000000000000d3f3     0x15e0 ./Drivers/STM32F4xx_HAL_Driver/Src/stm32f4xx_hal_tim_ex.o
 .debug_info    0x000000000000e9d3     0x31bc ./Drivers/STM32F4xx_HAL_Driver/Src/stm32f4xx_hal_uart.o
 .debug_info    0x0000000000011b8f     0x1c41 ./Middlewares/Third_Party/FreeRTOS/Source/CMSIS_RTOS/cmsis_os.o
 .debug_info    0x00000000000137d0      0x2d1 ./Middlewares/Third_Party/FreeRTOS/Source/list.o
 .debug_info    0x0000000000013aa1     0x1de4 ./Middlewares/Third_Party/FreeRTOS/Source/tasks.o
 .debug_info    0x0000000000015885      0x507 ./Middlewares/Third_Party/FreeRTOS/Source/portable/GCC/ARM_CM4F/port.o
 .debug_info    0x0000000000015d8c      0x50b ./Middlewares/Third_Party/FreeRTOS/Source/portable/MemMang/heap_4.o

.debug_abbrev   0x0000000000000000     0x337d
 .debug_abbrev  0x0000000000000000      0x135 ./Core/Src/ESPDataLogger.o
 .debug_abbrev  0x0000000000000135      0x29c ./Core/Src/UartRingbuffer.o
 .debug_abbrev  0x00000000000003d1       0xcd ./Core/Src/freertos.o
 .debug_abbrev  0x000000000000049e      0x333 ./Core/Src/main.o
 .debug_abbrev  0x00000000000007d1      0x242 ./Core/Src/stm32f4xx_hal_msp.o
 .debug_abbrev  0x0000000000000a13      0x1d3 ./Core/Src/stm32f4xx_hal_timebase_tim.o
 .debug_abbrev  0x0000000000000be6      0x18d ./Core/Src/stm32f4xx_it.o
 .debug_abbrev  0x0000000000000d73       0xbb ./Core/Src/sysmem.o
 .debug_abbrev  0x0000000000000e2e      0x116 ./Core/Src/system_stm32f4xx.o
 .debug_abbrev  0x0000000000000f44       0x12 ./Core/Startup/startup_stm32f446retx.o
 .debug_abbrev  0x0000000000000f56      0x20d ./Drivers/STM32F4xx_HAL_Driver/Src/stm32f4xx_hal.o
 .debug_abbrev  0x0000000000001163      0x244 ./Drivers/STM32F4xx_HAL_Driver/Src/stm32f4xx_hal_adc.o
 .debug_abbrev  0x00000000000013a7      0x316 ./Drivers/STM32F4xx_HAL_Driver/Src/stm32f4xx_hal_cortex.o
 .debug_abbrev  0x00000000000016bd      0x25b ./Drivers/STM32F4xx_HAL_Driver/Src/stm32f4xx_hal_dma.o
 .debug_abbrev  0x0000000000001918      0x1c4 ./Drivers/STM32F4xx_HAL_Driver/Src/stm32f4xx_hal_gpio.o
 .debug_abbrev  0x0000000000001adc      0x2aa ./Drivers/STM32F4xx_HAL_Driver/Src/stm32f4xx_hal_rcc.o
 .debug_abbrev  0x0000000000001d86      0x1fb ./Drivers/STM32F4xx_HAL_Driver/Src/stm32f4xx_hal_rcc_ex.o
 .debug_abbrev  0x0000000000001f81      0x25d ./Drivers/STM32F4xx_HAL_Driver/Src/stm32f4xx_hal_tim.o
 .debug_abbrev  0x00000000000021de      0x265 ./Drivers/STM32F4xx_HAL_Driver/Src/stm32f4xx_hal_tim_ex.o
 .debug_abbrev  0x0000000000002443      0x2f4 ./Drivers/STM32F4xx_HAL_Driver/Src/stm32f4xx_hal_uart.o
 .debug_abbrev  0x0000000000002737      0x39b ./Middlewares/Third_Party/FreeRTOS/Source/CMSIS_RTOS/cmsis_os.o
 .debug_abbrev  0x0000000000002ad2       0xf2 ./Middlewares/Third_Party/FreeRTOS/Source/list.o
 .debug_abbrev  0x0000000000002bc4      0x34e ./Middlewares/Third_Party/FreeRTOS/Source/tasks.o
 .debug_abbrev  0x0000000000002f12      0x259 ./Middlewares/Third_Party/FreeRTOS/Source/portable/GCC/ARM_CM4F/port.o
 .debug_abbrev  0x000000000000316b      0x212 ./Middlewares/Third_Party/FreeRTOS/Source/portable/MemMang/heap_4.o

.debug_aranges  0x0000000000000000     0x13a8
 .debug_aranges
                0x0000000000000000       0x38 ./Core/Src/ESPDataLogger.o
 .debug_aranges
                0x0000000000000038       0x88 ./Core/Src/UartRingbuffer.o
 .debug_aranges
                0x00000000000000c0       0x20 ./Core/Src/freertos.o
 .debug_aranges
                0x00000000000000e0       0xb0 ./Core/Src/main.o
 .debug_aranges
                0x0000000000000190       0x68 ./Core/Src/stm32f4xx_hal_msp.o
 .debug_aranges
                0x00000000000001f8       0x30 ./Core/Src/stm32f4xx_hal_timebase_tim.o
 .debug_aranges
                0x0000000000000228       0x58 ./Core/Src/stm32f4xx_it.o
 .debug_aranges
                0x0000000000000280       0x20 ./Core/Src/sysmem.o
 .debug_aranges
                0x00000000000002a0       0x28 ./Core/Src/system_stm32f4xx.o
 .debug_aranges
                0x00000000000002c8       0x28 ./Core/Startup/startup_stm32f446retx.o
 .debug_aranges
                0x00000000000002f0       0xf0 ./Drivers/STM32F4xx_HAL_Driver/Src/stm32f4xx_hal.o
 .debug_aranges
                0x00000000000003e0       0xe8 ./Drivers/STM32F4xx_HAL_Driver/Src/stm32f4xx_hal_adc.o
 .debug_aranges
                0x00000000000004c8      0x118 ./Drivers/STM32F4xx_HAL_Driver/Src/stm32f4xx_hal_cortex.o
 .debug_aranges
                0x00000000000005e0       0x90 ./Drivers/STM32F4xx_HAL_Driver/Src/stm32f4xx_hal_dma.o
 .debug_aranges
                0x0000000000000670       0x58 ./Drivers/STM32F4xx_HAL_Driver/Src/stm32f4xx_hal_gpio.o
 .debug_aranges
                0x00000000000006c8       0x88 ./Drivers/STM32F4xx_HAL_Driver/Src/stm32f4xx_hal_rcc.o
 .debug_aranges
                0x0000000000000750       0x78 ./Drivers/STM32F4xx_HAL_Driver/Src/stm32f4xx_hal_rcc_ex.o
 .debug_aranges
                0x00000000000007c8      0x3d0 ./Drivers/STM32F4xx_HAL_Driver/Src/stm32f4xx_hal_tim.o
 .debug_aranges
                0x0000000000000b98      0x168 ./Drivers/STM32F4xx_HAL_Driver/Src/stm32f4xx_hal_tim_ex.o
 .debug_aranges
                0x0000000000000d00      0x200 ./Drivers/STM32F4xx_HAL_Driver/Src/stm32f4xx_hal_uart.o
 .debug_aranges
                0x0000000000000f00      0x1d8 ./Middlewares/Third_Party/FreeRTOS/Source/CMSIS_RTOS/cmsis_os.o
 .debug_aranges
                0x00000000000010d8       0x40 ./Middlewares/Third_Party/FreeRTOS/Source/list.o
 .debug_aranges
                0x0000000000001118      0x1b8 ./Middlewares/Third_Party/FreeRTOS/Source/tasks.o
 .debug_aranges
                0x00000000000012d0       0x80 ./Middlewares/Third_Party/FreeRTOS/Source/portable/GCC/ARM_CM4F/port.o
 .debug_aranges
                0x0000000000001350       0x58 ./Middlewares/Third_Party/FreeRTOS/Source/portable/MemMang/heap_4.o

.debug_ranges   0x0000000000000000     0x1250
 .debug_ranges  0x0000000000000000       0x28 ./Core/Src/ESPDataLogger.o
 .debug_ranges  0x0000000000000028       0x78 ./Core/Src/UartRingbuffer.o
 .debug_ranges  0x00000000000000a0       0x10 ./Core/Src/freertos.o
 .debug_ranges  0x00000000000000b0       0xa0 ./Core/Src/main.o
 .debug_ranges  0x0000000000000150       0x58 ./Core/Src/stm32f4xx_hal_msp.o
 .debug_ranges  0x00000000000001a8       0x20 ./Core/Src/stm32f4xx_hal_timebase_tim.o
 .debug_ranges  0x00000000000001c8       0x48 ./Core/Src/stm32f4xx_it.o
 .debug_ranges  0x0000000000000210       0x10 ./Core/Src/sysmem.o
 .debug_ranges  0x0000000000000220       0x18 ./Core/Src/system_stm32f4xx.o
 .debug_ranges  0x0000000000000238       0x20 ./Core/Startup/startup_stm32f446retx.o
 .debug_ranges  0x0000000000000258       0xe0 ./Drivers/STM32F4xx_HAL_Driver/Src/stm32f4xx_hal.o
 .debug_ranges  0x0000000000000338       0xd8 ./Drivers/STM32F4xx_HAL_Driver/Src/stm32f4xx_hal_adc.o
 .debug_ranges  0x0000000000000410      0x108 ./Drivers/STM32F4xx_HAL_Driver/Src/stm32f4xx_hal_cortex.o
 .debug_ranges  0x0000000000000518       0x80 ./Drivers/STM32F4xx_HAL_Driver/Src/stm32f4xx_hal_dma.o
 .debug_ranges  0x0000000000000598       0x48 ./Drivers/STM32F4xx_HAL_Driver/Src/stm32f4xx_hal_gpio.o
 .debug_ranges  0x00000000000005e0       0x78 ./Drivers/STM32F4xx_HAL_Driver/Src/stm32f4xx_hal_rcc.o
 .debug_ranges  0x0000000000000658       0x68 ./Drivers/STM32F4xx_HAL_Driver/Src/stm32f4xx_hal_rcc_ex.o
 .debug_ranges  0x00000000000006c0      0x3c0 ./Drivers/STM32F4xx_HAL_Driver/Src/stm32f4xx_hal_tim.o
 .debug_ranges  0x0000000000000a80      0x158 ./Drivers/STM32F4xx_HAL_Driver/Src/stm32f4xx_hal_tim_ex.o
 .debug_ranges  0x0000000000000bd8      0x220 ./Drivers/STM32F4xx_HAL_Driver/Src/stm32f4xx_hal_uart.o
 .debug_ranges  0x0000000000000df8      0x1c8 ./Middlewares/Third_Party/FreeRTOS/Source/CMSIS_RTOS/cmsis_os.o
 .debug_ranges  0x0000000000000fc0       0x30 ./Middlewares/Third_Party/FreeRTOS/Source/list.o
 .debug_ranges  0x0000000000000ff0      0x1a8 ./Middlewares/Third_Party/FreeRTOS/Source/tasks.o
 .debug_ranges  0x0000000000001198       0x70 ./Middlewares/Third_Party/FreeRTOS/Source/portable/GCC/ARM_CM4F/port.o
 .debug_ranges  0x0000000000001208       0x48 ./Middlewares/Third_Party/FreeRTOS/Source/portable/MemMang/heap_4.o

.debug_macro    0x0000000000000000    0x25874
 .debug_macro   0x0000000000000000      0x39f ./Core/Src/ESPDataLogger.o
 .debug_macro   0x000000000000039f      0xa78 ./Core/Src/ESPDataLogger.o
 .debug_macro   0x0000000000000e17      0x2a1 ./Core/Src/ESPDataLogger.o
 .debug_macro   0x00000000000010b8       0x2e ./Core/Src/ESPDataLogger.o
 .debug_macro   0x00000000000010e6       0x28 ./Core/Src/ESPDataLogger.o
 .debug_macro   0x000000000000110e       0x22 ./Core/Src/ESPDataLogger.o
 .debug_macro   0x0000000000001130       0x8e ./Core/Src/ESPDataLogger.o
 .debug_macro   0x00000000000011be       0x51 ./Core/Src/ESPDataLogger.o
 .debug_macro   0x000000000000120f      0x103 ./Core/Src/ESPDataLogger.o
 .debug_macro   0x0000000000001312       0x6a ./Core/Src/ESPDataLogger.o
 .debug_macro   0x000000000000137c      0x1df ./Core/Src/ESPDataLogger.o
 .debug_macro   0x000000000000155b       0x1c ./Core/Src/ESPDataLogger.o
 .debug_macro   0x0000000000001577       0x22 ./Core/Src/ESPDataLogger.o
 .debug_macro   0x0000000000001599       0xd9 ./Core/Src/ESPDataLogger.o
 .debug_macro   0x0000000000001672     0x102d ./Core/Src/ESPDataLogger.o
 .debug_macro   0x000000000000269f      0x11f ./Core/Src/ESPDataLogger.o
 .debug_macro   0x00000000000027be    0x16749 ./Core/Src/ESPDataLogger.o
 .debug_macro   0x0000000000018f07       0x6d ./Core/Src/ESPDataLogger.o
 .debug_macro   0x0000000000018f74     0x367e ./Core/Src/ESPDataLogger.o
 .debug_macro   0x000000000001c5f2      0x174 ./Core/Src/ESPDataLogger.o
 .debug_macro   0x000000000001c766       0x5c ./Core/Src/ESPDataLogger.o
 .debug_macro   0x000000000001c7c2      0xc90 ./Core/Src/ESPDataLogger.o
 .debug_macro   0x000000000001d452      0x9fe ./Core/Src/ESPDataLogger.o
 .debug_macro   0x000000000001de50      0x115 ./Core/Src/ESPDataLogger.o
 .debug_macro   0x000000000001df65      0x1a0 ./Core/Src/ESPDataLogger.o
 .debug_macro   0x000000000001e105       0xa5 ./Core/Src/ESPDataLogger.o
 .debug_macro   0x000000000001e1aa      0x16d ./Core/Src/ESPDataLogger.o
 .debug_macro   0x000000000001e317      0x287 ./Core/Src/ESPDataLogger.o